 modbus

 Timestamp is 5f991e8a (Wed Oct 28 15:32:26 2020)

 Preferred load address is 10000000

 Start         Length     Name                   Class
 0001:00000000 00083760H .text$mn                CODE
 0001:00083760 00000193H .text$x                 CODE
 0002:00000000 000001ccH .idata$5                DATA
 0002:000001cc 00000008H .00cfg                  DATA
 0002:000001d4 00000004H .CRT$XCA                DATA
 0002:000001d8 00000004H .CRT$XCZ                DATA
 0002:000001dc 00000004H .CRT$XIA                DATA
 0002:000001e0 0000000cH .CRT$XIC                DATA
 0002:000001ec 00000004H .CRT$XIZ                DATA
 0002:000001f0 00000004H .CRT$XPA                DATA
 0002:000001f4 00000008H .CRT$XPX                DATA
 0002:000001fc 00000004H .CRT$XPXA               DATA
 0002:00000200 00000004H .CRT$XPZ                DATA
 0002:00000204 00000004H .CRT$XTA                DATA
 0002:00000208 00000008H .CRT$XTZ                DATA
 0002:0000020c 00000000H .gfids$y                DATA
 0002:00000210 0001e248H .rdata                  DATA
 0002:0001e458 000002a0H .rdata$r                DATA
 0002:0001e6f8 00000040H .rdata$sxdata           DATA
 0002:0001e738 00000328H .rdata$zzzdbg           DATA
 0002:0001ea60 00000004H .rtc$IAA                DATA
 0002:0001ea64 00000010H .rtc$IMZ                DATA
 0002:0001ea74 00000004H .rtc$IZZ                DATA
 0002:0001ea78 00000004H .rtc$TAA                DATA
 0002:0001ea7c 00000010H .rtc$TMZ                DATA
 0002:0001ea8c 00000004H .rtc$TZZ                DATA
 0002:0001ea90 00000ca0H .xdata$x                DATA
 0002:0001f730 00000818H .edata                  DATA
 0002:0001ff48 00000028H .idata$2                DATA
 0002:0001ff70 00000014H .idata$3                DATA
 0002:0001ff84 000001ccH .idata$4                DATA
 0002:00020150 000006beH .idata$6                DATA
 0003:00000000 000017f0H .data                   DATA
 0003:000017f0 00000110H .data$r                 DATA
 0003:00001900 00001760H .bss                    DATA
 0004:00000000 000000a0H .rsrc$01                DATA
 0004:000000a0 000003f0H .rsrc$02                DATA

  Address         Publics by Value              Rva+Base       Lib:Object

 0000:00000000       ___guard_fids_count        00000000     <absolute>
 0000:00000000       ___hybrid_code_map         00000000     <absolute>
 0000:00000000       ___enclave_config          00000000     <absolute>
 0000:00000000       ___guard_eh_cont_count     00000000     <absolute>
 0000:00000000       ___guard_iat_count         00000000     <absolute>
 0000:00000000       ___arm64x_redirection_metadata 00000000     <absolute>
 0000:00000000       ___hybrid_auxiliary_iat    00000000     <absolute>
 0000:00000000       ___x64_code_ranges_to_entry_points 00000000     <absolute>
 0000:00000000       ___dynamic_value_reloc_table 00000000     <absolute>
 0000:00000000       ___volatile_metadata       00000000     <absolute>
 0000:00000000       __except_list              00000000     <absolute>
 0000:00000000       ___AbsoluteZero            00000000     <absolute>
 0000:00000000       ___arm64x_native_entrypoint 00000000     <absolute>
 0000:00000000       ___guard_eh_cont_table     00000000     <absolute>
 0000:00000000       ___guard_longjmp_table     00000000     <absolute>
 0000:00000000       ___guard_fids_table        00000000     <absolute>
 0000:00000000       ___guard_iat_table         00000000     <absolute>
 0000:00000000       ___guard_longjmp_count     00000000     <absolute>
 0000:00000000       ___hybrid_code_map_count   00000000     <absolute>
 0000:00000010       ___safe_se_handler_count   00000010     <absolute>
 0000:00000100       ___guard_flags             00000100     <absolute>
 0000:00000000       ___ImageBase               10000000     <linker-defined>
 0001:00000000       _modbus_set_bits_from_byte 10001000 f   modbus-data.obj
 0001:00000060       _modbus_set_bits_from_bytes 10001060 f   modbus-data.obj
 0001:000000f0       _modbus_get_byte_from_bits 100010f0 f   modbus-data.obj
 0001:00000160       _modbus_get_float          10001160 f   modbus-data.obj
 0001:000001a0       _modbus_get_float_abcd     100011a0 f   modbus-data.obj
 0001:000001e0       _modbus_get_float_dcba     100011e0 f   modbus-data.obj
 0001:00000230       _modbus_get_float_badc     10001230 f   modbus-data.obj
 0001:00000280       _modbus_get_float_cdab     10001280 f   modbus-data.obj
 0001:000002c0       _modbus_set_float          100012c0 f   modbus-data.obj
 0001:00000300       _modbus_set_float_abcd     10001300 f   modbus-data.obj
 0001:00000350       _modbus_set_float_dcba     10001350 f   modbus-data.obj
 0001:000003a0       _modbus_set_float_badc     100013a0 f   modbus-data.obj
 0001:000003f0       _modbus_set_float_cdab     100013f0 f   modbus-data.obj
 0001:00000440       _modbus_new_rtu            10001440 f   modbus-rtu.obj
 0001:00000640       _modbus_rtu_set_serial_mode 10001640 f   modbus-rtu.obj
 0001:000006b0       _modbus_rtu_get_serial_mode 100016b0 f   modbus-rtu.obj
 0001:00000720       _modbus_rtu_set_rts        10001720 f   modbus-rtu.obj
 0001:00000790       _modbus_rtu_get_rts        10001790 f   modbus-rtu.obj
 0001:00000800       _modbus_rtu_set_custom_rts 10001800 f   modbus-rtu.obj
 0001:00000870       _modbus_rtu_set_rts_delay  10001870 f   modbus-rtu.obj
 0001:000008e0       _modbus_rtu_get_rts_delay  100018e0 f   modbus-rtu.obj
 0001:000015b0       ___local_stdio_printf_options 100025b0 f i modbus-rtu.obj
 0001:000015c0       __vfprintf_l               100025c0 f i modbus-rtu.obj
 0001:000015f0       _fprintf                   100025f0 f i modbus-rtu.obj
 0001:00001630       _printf                    10002630 f i modbus-rtu.obj
 0001:00001670       _modbus_new_tcp            10002670 f   modbus-tcp.obj
 0001:000017c0       _modbus_tcp_listen         100027c0 f   modbus-tcp.obj
 0001:00001920       _modbus_tcp_accept         10002920 f   modbus-tcp.obj
 0001:000019b0       _modbus_new_tcp_pi         100029b0 f   modbus-tcp.obj
 0001:00001c00       _modbus_tcp_pi_listen      10002c00 f   modbus-tcp.obj
 0001:00001eb0       _modbus_tcp_pi_accept      10002eb0 f   modbus-tcp.obj
 0001:00002b60       _gai_strerrorA             10003b60 f i modbus-tcp.obj
 0001:00002b90       _modbus_set_slave          10003b90 f   modbus.obj
 0001:00002bd0       _modbus_get_slave          10003bd0 f   modbus.obj
 0001:00002bf0       _modbus_set_error_recovery 10003bf0 f   modbus.obj
 0001:00002c20       _modbus_set_socket         10003c20 f   modbus.obj
 0001:00002c50       _modbus_get_socket         10003c50 f   modbus.obj
 0001:00002c80       _modbus_get_response_timeout 10003c80 f   modbus.obj
 0001:00002cc0       _modbus_set_response_timeout 10003cc0 f   modbus.obj
 0001:00002d10       _modbus_get_byte_timeout   10003d10 f   modbus.obj
 0001:00002d50       _modbus_set_byte_timeout   10003d50 f   modbus.obj
 0001:00002d90       _modbus_get_indication_timeout 10003d90 f   modbus.obj
 0001:00002dd0       _modbus_set_indication_timeout 10003dd0 f   modbus.obj
 0001:00002e10       _modbus_get_header_length  10003e10 f   modbus.obj
 0001:00002e40       _modbus_connect            10003e40 f   modbus.obj
 0001:00002e70       _modbus_close              10003e70 f   modbus.obj
 0001:00002e90       _modbus_free               10003e90 f   modbus.obj
 0001:00002eb0       _modbus_flush              10003eb0 f   modbus.obj
 0001:00002f10       _modbus_set_debug          10003f10 f   modbus.obj
 0001:00002f40       _modbus_strerror           10003f40 f   modbus.obj
 0001:00003030       _modbus_read_bits          10004030 f   modbus.obj
 0001:000030c0       _modbus_read_input_bits    100040c0 f   modbus.obj
 0001:00003150       _modbus_read_registers     10004150 f   modbus.obj
 0001:000031d0       _modbus_read_input_registers 100041d0 f   modbus.obj
 0001:00003250       _modbus_write_bit          10004250 f   modbus.obj
 0001:000032a0       _modbus_write_register     100042a0 f   modbus.obj
 0001:000032e0       _modbus_write_bits         100042e0 f   modbus.obj
 0001:000035f0       _modbus_write_registers    100045f0 f   modbus.obj
 0001:000037d0       _modbus_mask_write_register 100047d0 f   modbus.obj
 0001:00003930       _modbus_write_and_read_registers 10004930 f   modbus.obj
 0001:00003c70       _modbus_report_slave_id    10004c70 f   modbus.obj
 0001:00003de0       _modbus_mapping_new_start_address 10004de0 f   modbus.obj
 0001:00004000       _modbus_mapping_new        10005000 f   modbus.obj
 0001:00004030       _modbus_mapping_free       10005030 f   modbus.obj
 0001:00004090       _modbus_send_raw_request   10005090 f   modbus.obj
 0001:000041a0       _modbus_receive            100051a0 f   modbus.obj
 0001:000041e0       _modbus_receive_confirmation 100051e0 f   modbus.obj
 0001:00004210       _modbus_reply              10005210 f   modbus.obj
 0001:00005450       _modbus_reply_exception    10006450 f   modbus.obj
 0001:00005580       __modbus_init_common       10006580 f   modbus.obj
 0001:000055f0       __error_print              100065f0 f   modbus.obj
 0001:00005670       __modbus_receive_msg       10006670 f   modbus.obj
 0001:00005b20       _strlcpy                   10006b20 f   modbus.obj
 0001:00006990       _vfprintf                  10007990 f i modbus.obj
 0001:000069ab       _htonl@4                   100079ab f   ws2_32:WS2_32.dll
 0001:000069b1       _ntohl@4                   100079b1 f   ws2_32:WS2_32.dll
 0001:000069b7       _accept@12                 100079b7 f   ws2_32:WS2_32.dll
 0001:000069bd       _bind@12                   100079bd f   ws2_32:WS2_32.dll
 0001:000069c3       _closesocket@4             100079c3 f   ws2_32:WS2_32.dll
 0001:000069c9       _connect@12                100079c9 f   ws2_32:WS2_32.dll
 0001:000069cf       _ioctlsocket@12            100079cf f   ws2_32:WS2_32.dll
 0001:000069d5       _getsockopt@20             100079d5 f   ws2_32:WS2_32.dll
 0001:000069db       _htons@4                   100079db f   ws2_32:WS2_32.dll
 0001:000069e1       _inet_addr@4               100079e1 f   ws2_32:WS2_32.dll
 0001:000069e7       _inet_ntoa@4               100079e7 f   ws2_32:WS2_32.dll
 0001:000069ed       _listen@8                  100079ed f   ws2_32:WS2_32.dll
 0001:000069f3       _recv@16                   100079f3 f   ws2_32:WS2_32.dll
 0001:000069f9       _select@20                 100079f9 f   ws2_32:WS2_32.dll
 0001:000069ff       _send@16                   100079ff f   ws2_32:WS2_32.dll
 0001:00006a05       _setsockopt@20             10007a05 f   ws2_32:WS2_32.dll
 0001:00006a0b       _shutdown@8                10007a0b f   ws2_32:WS2_32.dll
 0001:00006a11       _socket@12                 10007a11 f   ws2_32:WS2_32.dll
 0001:00006a17       _WSAStartup@8              10007a17 f   ws2_32:WS2_32.dll
 0001:00006a1d       _WSAGetLastError@0         10007a1d f   ws2_32:WS2_32.dll
 0001:00006a23       _getaddrinfo@16            10007a23 f   ws2_32:WS2_32.dll
 0001:00006a29       _freeaddrinfo@4            10007a29 f   ws2_32:WS2_32.dll
 0001:00006a2f       _CreateFileA@28            10007a2f f   kernel32:KERNEL32.dll
 0001:00006a35       _ReadFile@20               10007a35 f   kernel32:KERNEL32.dll
 0001:00006a3b       _WriteFile@20              10007a3b f   kernel32:KERNEL32.dll
 0001:00006a41       _CloseHandle@4             10007a41 f   kernel32:KERNEL32.dll
 0001:00006a47       _GetLastError@0            10007a47 f   kernel32:KERNEL32.dll
 0001:00006a4d       _GetCommState@8            10007a4d f   kernel32:KERNEL32.dll
 0001:00006a53       _PurgeComm@8               10007a53 f   kernel32:KERNEL32.dll
 0001:00006a59       _SetCommState@8            10007a59 f   kernel32:KERNEL32.dll
 0001:00006a5f       _SetCommTimeouts@8         10007a5f f   kernel32:KERNEL32.dll
 0001:00006a65       _FormatMessageA@28         10007a65 f   kernel32:KERNEL32.dll
 0001:00006a6b       _Sleep@4                   10007a6b f   kernel32:KERNEL32.dll
 0001:00006a80       __CRT_RTC_INIT             10007a80 f   LIBCMTD:init.obj
 0001:00006a90       __CRT_RTC_INITW            10007a90 f   LIBCMTD:init.obj
 0001:00006aa0       __RTC_InitBase             10007aa0 f   LIBCMTD:init.obj
 0001:00006ad0       __RTC_Shutdown             10007ad0 f   LIBCMTD:init.obj
 0001:00006af0       @__security_check_cookie@4 10007af0 f   LIBCMTD:secchk.obj
 0001:00006ba0       ?_RTC_AllocaFailure@@YAXPAXPAU_RTC_ALLOCA_NODE@@H@Z 10007ba0 f   LIBCMTD:error.obj
 0001:00006c90       ?_RTC_Failure@@YAXPAXH@Z   10007c90 f   LIBCMTD:error.obj
 0001:00006ce0       ?_RTC_StackFailure@@YAXPAXPBD@Z 10007ce0 f   LIBCMTD:error.obj
 0001:000070c0       __RTC_UninitUse            100080c0 f   LIBCMTD:error.obj
 0001:00007170       __vsprintf_s_l             10008170 f i LIBCMTD:error.obj
 0001:000071a0       _sprintf_s                 100081a0 f i LIBCMTD:error.obj
 0001:000071c0       ___raise_securityfailure   100081c0 f   LIBCMTD:gs_report.obj
 0001:000071f0       ___report_gsfailure        100081f0 f   LIBCMTD:gs_report.obj
 0001:00007300       ___report_rangecheckfailure 10008300 f   LIBCMTD:gs_report.obj
 0001:00007310       ___report_securityfailure  10008310 f   LIBCMTD:gs_report.obj
 0001:000073f0       ___report_securityfailureEx 100083f0 f   LIBCMTD:gs_report.obj
 0001:000079f0       __CRT_INIT@12              100089f0 f   LIBCMTD:dll_dllmain.obj
 0001:00007a10       __DllMainCRTStartup@12     10008a10 f   LIBCMTD:dll_dllmain.obj
 0001:00007a40       ?_RTC_GetErrorFunc@@YAP6AHHPBDH00ZZPBX@Z 10008a40 f   LIBCMTD:userapi.obj
 0001:00007a50       ?_RTC_GetErrorFuncW@@YAP6AHHPB_WH00ZZPBX@Z 10008a50 f   LIBCMTD:userapi.obj
 0001:00007a60       __RTC_GetErrDesc           10008a60 f   LIBCMTD:userapi.obj
 0001:00007a80       __RTC_NumErrors            10008a80 f   LIBCMTD:userapi.obj
 0001:00007a90       __RTC_SetErrorFunc         10008a90 f   LIBCMTD:userapi.obj
 0001:00007ab0       __RTC_SetErrorFuncW        10008ab0 f   LIBCMTD:userapi.obj
 0001:00007ad0       __RTC_SetErrorType         10008ad0 f   LIBCMTD:userapi.obj
 0001:00007f80       ?_RTC_GetSrcLine@@YAHPAEPA_WKPAH1K@Z 10008f80 f   LIBCMTD:pdblkup.obj
 0001:00008300       __except_handler4_noexcept 10009300 f   LIBCMTD:chandler4_noexcept.obj
 0001:00008360       @_guard_check_icall_nop@4  10009360 f i LIBCMTD:guard_support.obj
 0001:00008370       _ReadNoFence               10009370 f i LIBCMTD:guard_support.obj
 0001:00008390       _ReadPointerNoFence        10009390 f i LIBCMTD:guard_support.obj
 0001:000083b0       __guard_icall_checks_enforced 100093b0 f i LIBCMTD:guard_support.obj
 0001:00008450       ___security_init_cookie    10009450 f   LIBCMTD:gs_support.obj
 0001:000084d0       _DllMain@12                100094d0 f   LIBCMTD:dll_dllmain_stub.obj
 0001:000084e0       ?__scrt_initialize_type_info@@YAXXZ 100094e0 f   LIBCMTD:tncleanup.obj
 0001:000084f0       ?__scrt_uninitialize_type_info@@YAXXZ 100094f0 f   LIBCMTD:tncleanup.obj
 0001:00008510       ___local_stdio_scanf_options 10009510 f i LIBCMTD:default_local_stdio_options.obj
 0001:00008520       ___scrt_initialize_default_local_stdio_options 10009520 f   LIBCMTD:default_local_stdio_options.obj
 0001:00008560       ?configure_argv@__scrt_narrow_argv_policy@@SAHXZ 10009560 f i LIBCMTD:utility.obj
 0001:00008610       ?initialize_environment@__scrt_narrow_environment_policy@@SAHXZ 10009610 f i LIBCMTD:utility.obj
 0001:00008690       _NtCurrentTeb              10009690 f i LIBCMTD:utility.obj
 0001:000086a0       ___scrt_acquire_startup_lock 100096a0 f   LIBCMTD:utility.obj
 0001:000086f0       ___scrt_dllmain_after_initialize_c 100096f0 f   LIBCMTD:utility.obj
 0001:00008720       ___scrt_dllmain_before_initialize_c 10009720 f   LIBCMTD:utility.obj
 0001:00008740       ___scrt_dllmain_crt_thread_attach 10009740 f   LIBCMTD:utility.obj
 0001:00008770       ___scrt_dllmain_crt_thread_detach 10009770 f   LIBCMTD:utility.obj
 0001:00008790       ___scrt_dllmain_exception_filter 10009790 f   LIBCMTD:utility.obj
 0001:000087e0       ___scrt_dllmain_uninitialize_c 100097e0 f   LIBCMTD:utility.obj
 0001:00008810       ___scrt_dllmain_uninitialize_critical 10009810 f   LIBCMTD:utility.obj
 0001:00008830       ___scrt_initialize_crt     10009830 f   LIBCMTD:utility.obj
 0001:00008880       ___scrt_initialize_onexit_tables 10009880 f   LIBCMTD:utility.obj
 0001:00008960       ___scrt_is_nonwritable_in_current_image 10009960 f   LIBCMTD:utility.obj
 0001:00008a90       ___scrt_release_startup_lock 10009a90 f   LIBCMTD:utility.obj
 0001:00008ac0       ___scrt_uninitialize_crt   10009ac0 f   LIBCMTD:utility.obj
 0001:00008b00       __onexit                   10009b00 f   LIBCMTD:utility.obj
 0001:00008b70       _at_quick_exit             10009b70 f   LIBCMTD:utility.obj
 0001:00008bb0       _atexit                    10009bb0 f   LIBCMTD:utility.obj
 0001:00008be0       ___scrt_get_dyn_tls_init_callback 10009be0 f   LIBCMTD:dyn_tls_init.obj
 0001:00008bf0       ___scrt_fastfail           10009bf0 f   LIBCMTD:utility_desktop.obj
 0001:00008d30       ___scrt_get_show_window_mode 10009d30 f   LIBCMTD:utility_desktop.obj
 0001:00008d70       ___scrt_initialize_mta     10009d70 f   LIBCMTD:utility_desktop.obj
 0001:00008d80       ___scrt_initialize_winrt   10009d80 f   LIBCMTD:utility_desktop.obj
 0001:00008d90       ___scrt_is_managed_app     10009d90 f   LIBCMTD:utility_desktop.obj
 0001:00008e20       ___scrt_set_unhandled_exception_filter 10009e20 f   LIBCMTD:utility_desktop.obj
 0001:00008e30       ___scrt_exe_initialize_mta 10009e30 f   LIBCMTD:utility_desktop.obj
 0001:00008e30       ___scrt_stub_for_initialize_mta 10009e30 f   LIBCMTD:utility_desktop.obj
 0001:00008e40       ___scrt_unhandled_exception_filter@4 10009e40 f   LIBCMTD:utility_desktop.obj
 0001:00008ec0       __crt_debugger_hook        10009ec0 f   LIBCMTD:utility_desktop.obj
 0001:00008ed0       __RTC_Initialize           10009ed0 f   LIBCMTD:initsect.obj
 0001:00008f00       __RTC_Terminate            10009f00 f   LIBCMTD:initsect.obj
 0001:00008f30       ___isa_available_init      10009f30 f   LIBCMTD:cpu_disp.obj
 0001:00009270       __get_startup_argv_mode    1000a270 f   LIBCMTD:argv_mode.obj
 0001:00009280       ___scrt_is_ucrt_dll_in_use 1000a280 f   LIBCMTD:ucrt_detection.obj
 0001:000092b0       _memcpy                    1000a2b0 f   libvcruntimed:memcpy.obj
 0001:00009830       _memset                    1000a830 f   libvcruntimed:memset.obj
 0001:000099f0       __except_handler4          1000a9f0 f   libvcruntimed:chandler4.obj
 0001:00009be0       ___vcrt_GetModuleFileNameW 1000abe0 f   libvcruntimed:winapi_thunks.obj
 0001:00009c00       ___vcrt_GetModuleHandleW   1000ac00 f   libvcruntimed:winapi_thunks.obj
 0001:00009c10       ___vcrt_LoadLibraryExW     1000ac10 f   libvcruntimed:winapi_thunks.obj
 0001:00009c30       ___DestructExceptionObject 1000ac30 f   libvcruntimed:ehhelpers.obj
 0001:00009d50       ?_CallMemberFunction0@@YGXQAX0@Z 1000ad50 f i libvcruntimed:ehhelpers.obj
 0001:00009df0       ?raw_name@type_info@@QBEPBDXZ 1000adf0 f i libvcruntimed:ehhelpers.obj
 0001:00009e10       __IsExceptionObjectToBeDestroyed 1000ae10 f   libvcruntimed:ehhelpers.obj
 0001:00009e50       __SetWinRTOutOfMemoryExceptionCallback 1000ae50 f   libvcruntimed:ehhelpers.obj
 0001:00009e60       ___AdjustPointer           1000ae60 f   libvcruntimed:ehhelpers.obj
 0001:00009eb0       ___FrameUnwindFilter       1000aeb0 f   libvcruntimed:ehhelpers.obj
 0001:00009f40       ___GetPlatformExceptionInfo 1000af40 f   libvcruntimed:ehhelpers.obj
 0001:00009fc0       ___current_exception       1000afc0 f   libvcruntimed:ehhelpers.obj
 0001:00009fd0       ___current_exception_context 1000afd0 f   libvcruntimed:ehhelpers.obj
 0001:00009fe0       ___processing_throw        1000afe0 f   libvcruntimed:ehhelpers.obj
 0001:00009ff0       ___std_terminate           1000aff0 f   libvcruntimed:ehhelpers.obj
 0001:0000a000       __is_exception_typeof      1000b000 f   libvcruntimed:ehhelpers.obj
 0001:0000a100       ??$?RD@__crt_internal_free_policy@@QBEXQBD@Z 1000b100 f i libvcruntimed:std_type_info.obj
 0001:0000a120       ??$?RX@__crt_internal_free_policy@@QBEXQBX@Z 1000b120 f i libvcruntimed:std_type_info.obj
 0001:0000a140       ??$__crt_interlocked_compare_exchange_pointer@$$CBDPAD$$T@@YAPBDPDSBDQAD$$T@Z 1000b140 f i libvcruntimed:std_type_info.obj
 0001:0000a160       ??$__crt_interlocked_read_pointer@$$CBD@@YAPBDPDSBD@Z 1000b160 f i libvcruntimed:std_type_info.obj
 0001:0000a180       ??0?$__crt_unique_heap_ptr@DU__crt_internal_free_policy@@@@QAE@QAD@Z 1000b180 f i libvcruntimed:std_type_info.obj
 0001:0000a1a0       ??0?$__crt_unique_heap_ptr@XU__crt_internal_free_policy@@@@QAE@QAX@Z 1000b1a0 f i libvcruntimed:std_type_info.obj
 0001:0000a1c0       ??1?$__crt_unique_heap_ptr@DU__crt_internal_free_policy@@@@QAE@XZ 1000b1c0 f i libvcruntimed:std_type_info.obj
 0001:0000a1e0       ??1?$__crt_unique_heap_ptr@XU__crt_internal_free_policy@@@@QAE@XZ 1000b1e0 f i libvcruntimed:std_type_info.obj
 0001:0000a200       ??B?$__crt_unique_heap_ptr@DU__crt_internal_free_policy@@@@QBE_NXZ 1000b200 f i libvcruntimed:std_type_info.obj
 0001:0000a220       ??B?$__crt_unique_heap_ptr@XU__crt_internal_free_policy@@@@QBE_NXZ 1000b220 f i libvcruntimed:std_type_info.obj
 0001:0000a2b0       ?__crt_interlocked_read_32@@YAHPDH@Z 1000b2b0 f i libvcruntimed:std_type_info.obj
 0001:0000a2d0       ?detach@?$__crt_unique_heap_ptr@XU__crt_internal_free_policy@@@@QAEPAXXZ 1000b2d0 f i libvcruntimed:std_type_info.obj
 0001:0000a300       ?get@?$__crt_unique_heap_ptr@DU__crt_internal_free_policy@@@@QBEPADXZ 1000b300 f i libvcruntimed:std_type_info.obj
 0001:0000a310       ?get@?$__crt_unique_heap_ptr@XU__crt_internal_free_policy@@@@QBEPAXXZ 1000b310 f i libvcruntimed:std_type_info.obj
 0001:0000a320       ?is_valid@?$__crt_unique_heap_ptr@DU__crt_internal_free_policy@@@@QBE_NXZ 1000b320 f i libvcruntimed:std_type_info.obj
 0001:0000a350       ?is_valid@?$__crt_unique_heap_ptr@XU__crt_internal_free_policy@@@@QBE_NXZ 1000b350 f i libvcruntimed:std_type_info.obj
 0001:0000a380       ?release@?$__crt_unique_heap_ptr@DU__crt_internal_free_policy@@@@QAEXXZ 1000b380 f i libvcruntimed:std_type_info.obj
 0001:0000a3b0       ?release@?$__crt_unique_heap_ptr@XU__crt_internal_free_policy@@@@QAEXXZ 1000b3b0 f i libvcruntimed:std_type_info.obj
 0001:0000a3e0       ___std_type_info_compare   1000b3e0 f   libvcruntimed:std_type_info.obj
 0001:0000a410       ___std_type_info_destroy_list 1000b410 f   libvcruntimed:std_type_info.obj
 0001:0000a450       ___std_type_info_hash      1000b450 f   libvcruntimed:std_type_info.obj
 0001:0000a4b0       ___std_type_info_name      1000b4b0 f   libvcruntimed:std_type_info.obj
 0001:0000a690       ___vcrt_initialize         1000b690 f   libvcruntimed:initialization.obj
 0001:0000a6d0       ___vcrt_thread_attach      1000b6d0 f   libvcruntimed:initialization.obj
 0001:0000a6f0       ___vcrt_thread_detach      1000b6f0 f   libvcruntimed:initialization.obj
 0001:0000a710       ___vcrt_uninitialize       1000b710 f   libvcruntimed:initialization.obj
 0001:0000a730       ___vcrt_uninitialize_critical 1000b730 f   libvcruntimed:initialization.obj
 0001:0000a750       __local_unwind4            1000b750 f   libvcruntimed:exsup4.obj
 0001:0000a828       __seh_longjmp_unwind4@4    1000b828 f   libvcruntimed:exsup4.obj
 0001:0000a850       @_EH4_CallFilterFunc@8     1000b850 f   libvcruntimed:exsup4.obj
 0001:0000a868       @_EH4_TransferToHandler@8  1000b868 f   libvcruntimed:exsup4.obj
 0001:0000a884       @_EH4_GlobalUnwind2@8      1000b884 f   libvcruntimed:exsup4.obj
 0001:0000a8a0       @_EH4_LocalUnwind@16       1000b8a0 f   libvcruntimed:exsup4.obj
 0001:0000a8d0       ___except_validate_context_record 1000b8d0 f   libvcruntimed:jbcxrval.obj
 0001:0000a920       ___except_validate_jump_buffer 1000b920 f   libvcruntimed:jbcxrval.obj
 0001:0000a940       ___except_validate_jump_buffer_common 1000b940 f i libvcruntimed:jbcxrval.obj
 0001:0000a9a0       ??$?RU__vcrt_ptd@@@__crt_internal_free_policy@@QBEXQBU__vcrt_ptd@@@Z 1000b9a0 f i libvcruntimed:per_thread_data.obj
 0001:0000a9c0       ??0?$__crt_unique_heap_ptr@U__vcrt_ptd@@U__crt_internal_free_policy@@@@QAE@QAU__vcrt_ptd@@@Z 1000b9c0 f i libvcruntimed:per_thread_data.obj
 0001:0000aa00       ??1?$__crt_unique_heap_ptr@U__vcrt_ptd@@U__crt_internal_free_policy@@@@QAE@XZ 1000ba00 f i libvcruntimed:per_thread_data.obj
 0001:0000aa40       ??B?$__crt_unique_heap_ptr@U__vcrt_ptd@@U__crt_internal_free_policy@@@@QBE_NXZ 1000ba40 f i libvcruntimed:per_thread_data.obj
 0001:0000aa60       ?detach@?$__crt_unique_heap_ptr@U__vcrt_ptd@@U__crt_internal_free_policy@@@@QAEPAU__vcrt_ptd@@XZ 1000ba60 f i libvcruntimed:per_thread_data.obj
 0001:0000aa90       ?get@?$__crt_unique_heap_ptr@U__vcrt_ptd@@U__crt_internal_free_policy@@@@QBEPAU__vcrt_ptd@@XZ 1000ba90 f i libvcruntimed:per_thread_data.obj
 0001:0000aaa0       ?is_valid@?$__crt_unique_heap_ptr@U__vcrt_ptd@@U__crt_internal_free_policy@@@@QBE_NXZ 1000baa0 f i libvcruntimed:per_thread_data.obj
 0001:0000aad0       ?release@?$__crt_unique_heap_ptr@U__vcrt_ptd@@U__crt_internal_free_policy@@@@QAEXXZ 1000bad0 f i libvcruntimed:per_thread_data.obj
 0001:0000ab30       ___vcrt_freefls@4          1000bb30 f   libvcruntimed:per_thread_data.obj
 0001:0000ab60       ___vcrt_freeptd            1000bb60 f   libvcruntimed:per_thread_data.obj
 0001:0000abc0       ___vcrt_getptd             1000bbc0 f   libvcruntimed:per_thread_data.obj
 0001:0000abe0       ___vcrt_getptd_noexit      1000bbe0 f   libvcruntimed:per_thread_data.obj
 0001:0000ad40       ___vcrt_getptd_noinit      1000bd40 f   libvcruntimed:per_thread_data.obj
 0001:0000ada0       ___vcrt_initialize_ptd     1000bda0 f   libvcruntimed:per_thread_data.obj
 0001:0000adf0       ___vcrt_uninitialize_ptd   1000bdf0 f   libvcruntimed:per_thread_data.obj
 0001:0000ae20       ??$?0$00@DName@@QAE@PBDU?$StringLifeSelector@$00@@@Z 1000be20 f i libvcruntimed:undname.obj
 0001:0000ae70       ??$?0$00@pcharNode@@QAE@PBDHU?$StringLifeSelector@$00@@@Z 1000be70 f i libvcruntimed:undname.obj
 0001:0000aeb0       ??$?0$01@DName@@QAE@PBDU?$StringLifeSelector@$01@@@Z 1000beb0 f i libvcruntimed:undname.obj
 0001:0000af00       ??$?0$01@pcharNode@@QAE@PBDHU?$StringLifeSelector@$01@@@Z 1000bf00 f i libvcruntimed:undname.obj
 0001:0000af80       ??$?0$0A@@DName@@QAE@PBDU?$StringLifeSelector@$0A@@@@Z 1000bf80 f i libvcruntimed:undname.obj
 0001:0000afd0       ??$?0$0A@@pcharNode@@QAE@PBDHU?$StringLifeSelector@$0A@@@@Z 1000bfd0 f i libvcruntimed:undname.obj
 0001:0000b050       ??$?0_K$0A@@?$optional@_K@std@@QAE@$$QA_K@Z 1000c050 f i libvcruntimed:undname.obj
 0001:0000b090       ??$?0_K@?$_Optional_construct_base@_K@std@@QAE@Uin_place_t@1@$$QA_K@Z 1000c090 f i libvcruntimed:undname.obj
 0001:0000b0c0       ??$?0_K@?$_Optional_destruct_base@_K$00@std@@QAE@Uin_place_t@1@$$QA_K@Z 1000c0c0 f i libvcruntimed:undname.obj
 0001:0000b0f0       ??$append@VDNameNode@@@DName@@AAEXPBVDNameNode@@@Z 1000c0f0 f i libvcruntimed:undname.obj
 0001:0000b180       ??$append@VDNameStatusNode@@@DName@@AAEXPBVDNameStatusNode@@@Z 1000c180 f i libvcruntimed:undname.obj
 0001:0000b210       ??$append@VcharNode@@@DName@@AAEXPBVcharNode@@@Z 1000c210 f i libvcruntimed:undname.obj
 0001:0000b2a0       ??$append@VpDNameNode@@@DName@@AAEXPBVpDNameNode@@@Z 1000c2a0 f i libvcruntimed:undname.obj
 0001:0000b330       ??$append@VpcharNode@@@DName@@AAEXPBVpcharNode@@@Z 1000c330 f i libvcruntimed:undname.obj
 0001:0000b3c0       ??$doPchar@$00@DName@@AAEXPBDH@Z 1000c3c0 f i libvcruntimed:undname.obj
 0001:0000b4d0       ??$doPchar@$01@DName@@AAEXPBDH@Z 1000c4d0 f i libvcruntimed:undname.obj
 0001:0000b5e0       ??$doPchar@$0A@@DName@@AAEXPBDH@Z 1000c5e0 f i libvcruntimed:undname.obj
 0001:0000b6f0       ??$forward@_K@std@@YA$$QA_KAA_K@Z 1000c6f0 f i libvcruntimed:undname.obj
 0001:0000b700       ??$size@D$04@std@@YAIAAY04$$CBD@Z 1000c700 f i libvcruntimed:undname.obj
 0001:0000b710       ??$size@D$0EB@@std@@YAIAAY0EB@$$CBD@Z 1000c710 f i libvcruntimed:undname.obj
 0001:0000b720       ??0?$_Optional_construct_base@_K@std@@QAE@XZ 1000c720 f i libvcruntimed:undname.obj
 0001:0000b740       ??0?$_Optional_destruct_base@_K$00@std@@QAE@XZ 1000c740 f i libvcruntimed:undname.obj
 0001:0000b760       ??0?$optional@_K@std@@QAE@XZ 1000c760 f i libvcruntimed:undname.obj
 0001:0000b790       ??0Block@_HeapManager@@QAE@XZ 1000c790 f i libvcruntimed:undname.obj
 0001:0000b7b0       ??0DName@@QAE@AAPBDD@Z     1000c7b0 f   libvcruntimed:undname.obj
 0001:0000b920       ??0DName@@QAE@ABUStringLiteral@@@Z 1000c920 f   libvcruntimed:undname.obj
 0001:0000b970       ??0DName@@QAE@ABV0@@Z      1000c970 f i libvcruntimed:undname.obj
 0001:0000b9a0       ??0DName@@QAE@D@Z          1000c9a0 f   libvcruntimed:undname.obj
 0001:0000b9d0       ??0DName@@QAE@PAV0@@Z      1000c9d0 f   libvcruntimed:undname.obj
 0001:0000ba80       ??0DName@@QAE@W4DNameStatus@@@Z 1000ca80 f   libvcruntimed:undname.obj
 0001:0000bb20       ??0DName@@QAE@XZ           1000cb20 f i libvcruntimed:undname.obj
 0001:0000bb50       ??0DName@@QAE@_J@Z         1000cb50 f   libvcruntimed:undname.obj
 0001:0000bc40       ??0DName@@QAE@_K@Z         1000cc40 f   libvcruntimed:undname.obj
 0001:0000bcf0       ??0DNameNode@@IAE@XZ       1000ccf0 f i libvcruntimed:undname.obj
 0001:0000bd10       ??0Replicator@@QAE@XZ      1000cd10 f i libvcruntimed:undname.obj
 0001:0000bd50       ??0UnDecorator@@QAE@PBDP6APADJ@ZK@Z 1000cd50 f i libvcruntimed:undname.obj
 0001:0000bdd0       ??0charNode@@QAE@D@Z       1000cdd0 f i libvcruntimed:undname.obj
 0001:0000be00       ??0pDNameNode@@QAE@PAVDName@@@Z 1000ce00 f   libvcruntimed:undname.obj
 0001:0000be60       ??0pairNode@@QAE@PBVDNameNode@@0@Z 1000ce60 f i libvcruntimed:undname.obj
 0001:0000bec0       ??2@YAPAXIAAV_HeapManager@@H@Z 1000cec0 f   libvcruntimed:undname.obj
 0001:0000bf00       ??4DName@@QAEAAV0@ABUStringLiteral@@@Z 1000cf00 f   libvcruntimed:undname.obj
 0001:0000bf40       ??4DName@@QAEAAV0@ABV0@@Z  1000cf40 f   libvcruntimed:undname.obj
 0001:0000bf70       ??4DName@@QAEAAV0@D@Z      1000cf70 f i libvcruntimed:undname.obj
 0001:0000bfa0       ??4DName@@QAEAAV0@PAV0@@Z  1000cfa0 f   libvcruntimed:undname.obj
 0001:0000c040       ??4DName@@QAEAAV0@W4DNameStatus@@@Z 1000d040 f   libvcruntimed:undname.obj
 0001:0000c0c0       ??AReplicator@@QBE?AVDName@@H@Z 1000d0c0 f   libvcruntimed:undname.obj
 0001:0000c130       ??B?$optional@_K@std@@QBE_NXZ 1000d130 f i libvcruntimed:undname.obj
 0001:0000c150       ??D?$optional@_K@std@@QGAEAA_KXZ 1000d150 f i libvcruntimed:undname.obj
 0001:0000c160       ??H@YA?AVDName@@ABUStringLiteral@@ABV0@@Z 1000d160 f i libvcruntimed:undname.obj
 0001:0000c190       ??H@YA?AVDName@@DABV0@@Z   1000d190 f i libvcruntimed:undname.obj
 0001:0000c1c0       ??H@YA?AVDName@@W4DNameStatus@@ABV0@@Z 1000d1c0 f i libvcruntimed:undname.obj
 0001:0000c1f0       ??HDName@@QBE?AV0@ABUStringLiteral@@@Z 1000d1f0 f   libvcruntimed:undname.obj
 0001:0000c230       ??HDName@@QBE?AV0@ABV0@@Z  1000d230 f   libvcruntimed:undname.obj
 0001:0000c270       ??HDName@@QBE?AV0@D@Z      1000d270 f   libvcruntimed:undname.obj
 0001:0000c2b0       ??HDName@@QBE?AV0@PAV0@@Z  1000d2b0 f   libvcruntimed:undname.obj
 0001:0000c2f0       ??HDName@@QBE?AV0@W4DNameStatus@@@Z 1000d2f0 f   libvcruntimed:undname.obj
 0001:0000c330       ??HStringLiteral@@QBE?AU0@H@Z 1000d330 f i libvcruntimed:undname.obj
 0001:0000c360       ??YDName@@QAEAAV0@ABUStringLiteral@@@Z 1000d360 f   libvcruntimed:undname.obj
 0001:0000c400       ??YDName@@QAEAAV0@ABV0@@Z  1000d400 f   libvcruntimed:undname.obj
 0001:0000c4a0       ??YDName@@QAEAAV0@D@Z      1000d4a0 f   libvcruntimed:undname.obj
 0001:0000c520       ??YDName@@QAEAAV0@PAV0@@Z  1000d520 f   libvcruntimed:undname.obj
 0001:0000c5d0       ??YDName@@QAEAAV0@W4DNameStatus@@@Z 1000d5d0 f   libvcruntimed:undname.obj
 0001:0000c630       ??YReplicator@@QAEAAV0@ABVDName@@@Z 1000d630 f   libvcruntimed:undname.obj
 0001:0000c6c0       ??_5DName@@QAEAAV0@ABV0@@Z 1000d6c0 f   libvcruntimed:undname.obj
 0001:0000c720       ??__K_l@@YA?AUStringLiteral@@PBDI@Z 1000d720 f i libvcruntimed:undname.obj
 0001:0000c740       ?Constructor@_HeapManager@@QAEXP6APAXI@ZP6AXPAX@Z@Z 1000d740 f i libvcruntimed:undname.obj
 0001:0000c780       ?Destructor@_HeapManager@@QAEXXZ 1000d780 f i libvcruntimed:undname.obj
 0001:0000c7f0       ?UScore@UnDecorator@@SA?AUStringLiteral@@W4Tokens@@@Z 1000d7f0 f   libvcruntimed:undname.obj
 0001:0000c840       ?composeDeclaration@UnDecorator@@CA?AVDName@@ABV2@@Z 1000d840 f i libvcruntimed:undname.obj
 0001:0000e7b0       ?dbGetString@DName@@QBEPADXZ 1000f7b0 f   libvcruntimed:undname.obj
 0001:0000e7d0       ?doAccessSpecifiers@UnDecorator@@SAHXZ 1000f7d0 f i libvcruntimed:undname.obj
 0001:0000e800       ?doAllocationLanguage@UnDecorator@@SAHXZ 1000f800 f i libvcruntimed:undname.obj
 0001:0000e830       ?doAllocationModel@UnDecorator@@SAHXZ 1000f830 f i libvcruntimed:undname.obj
 0001:0000e860       ?doEcsu@UnDecorator@@SAHXZ 1000f860 f i libvcruntimed:undname.obj
 0001:0000e890       ?doEllipsis@UnDecorator@@SAHXZ 1000f890 f i libvcruntimed:undname.obj
 0001:0000e8c0       ?doFunctionReturns@UnDecorator@@SAHXZ 1000f8c0 f i libvcruntimed:undname.obj
 0001:0000e8f0       ?doMSKeywords@UnDecorator@@SAHXZ 1000f8f0 f i libvcruntimed:undname.obj
 0001:0000e920       ?doMemberTypes@UnDecorator@@SAHXZ 1000f920 f i libvcruntimed:undname.obj
 0001:0000e950       ?doNameOnly@UnDecorator@@SAHXZ 1000f950 f i libvcruntimed:undname.obj
 0001:0000e960       ?doNoIdentCharCheck@UnDecorator@@SAHXZ 1000f960 f i libvcruntimed:undname.obj
 0001:0000e970       ?doPchar@DName@@AAEXD@Z    1000f970 f   libvcruntimed:undname.obj
 0001:0000e9e0       ?doPtr64@UnDecorator@@SAHXZ 1000f9e0 f i libvcruntimed:undname.obj
 0001:0000ea10       ?doRestrictionSpec@UnDecorator@@SAHXZ 1000fa10 f i libvcruntimed:undname.obj
 0001:0000ea40       ?doThisTypes@UnDecorator@@SAHXZ 1000fa40 f i libvcruntimed:undname.obj
 0001:0000ea70       ?doThrowTypes@UnDecorator@@SAHXZ 1000fa70 f i libvcruntimed:undname.obj
 0001:0000eaa0       ?doTypeOnly@UnDecorator@@SAHXZ 1000faa0 f i libvcruntimed:undname.obj
 0001:0000eab0       ?doUnderScore@UnDecorator@@SAHXZ 1000fab0 f i libvcruntimed:undname.obj
 0001:0000eae0       ?getArgumentList@UnDecorator@@CA?AVDName@@XZ 1000fae0 f   libvcruntimed:undname.obj
 0001:0000ec30       ?getArgumentTypes@UnDecorator@@CA?AVDName@@XZ 1000fc30 f   libvcruntimed:undname.obj
 0001:0000ee40       ?getArrayObject@UnDecorator@@CA?AVDName@@XZ 1000fe40 f   libvcruntimed:undname.obj
 0001:0000ef20       ?getArrayType@UnDecorator@@CA?AVDName@@ABV2@@Z 1000ff20 f i libvcruntimed:undname.obj
 0001:0000f1c0       ?getBasedType@UnDecorator@@CA?AVDName@@XZ 100101c0 f   libvcruntimed:undname.obj
 0001:0000f2b0       ?getBasicDataType@UnDecorator@@CA?AVDName@@ABV2@@Z 100102b0 f   libvcruntimed:undname.obj
 0001:0000fbc0       ?getCHPEName@UnDecorator@@QAEPADPADH@Z 10010bc0 f i libvcruntimed:undname.obj
 0001:0000fd20       ?getCallIndex@UnDecorator@@CA?AVDName@@XZ 10010d20 f i libvcruntimed:undname.obj
 0001:0000fd40       ?getCallingConvention@UnDecorator@@CA?AVDName@@XZ 10010d40 f   libvcruntimed:undname.obj
 0001:0000ff80       ?getDataIndirectType@UnDecorator@@CA?AVDName@@ABV2@W4IndirectionKind@@0H@Z 10010f80 f   libvcruntimed:undname.obj
 0001:000108a0       ?getDataIndirectType@UnDecorator@@CA?AVDName@@XZ 100118a0 f i libvcruntimed:undname.obj
 0001:000108e0       ?getDataType@UnDecorator@@CA?AVDName@@PAV2@@Z 100118e0 f   libvcruntimed:undname.obj
 0001:00010a20       ?getDecoratedName@UnDecorator@@CA?AVDName@@XZ 10011a20 f   libvcruntimed:undname.obj
 0001:00010e60       ?getDimension@UnDecorator@@CA?AVDName@@_N@Z 10011e60 f   libvcruntimed:undname.obj
 0001:000110c0       ?getDispatchTarget@UnDecorator@@CA?AVDName@@XZ 100120c0 f   libvcruntimed:undname.obj
 0001:00011160       ?getDisplacement@UnDecorator@@CA?AVDName@@XZ 10012160 f i libvcruntimed:undname.obj
 0001:00011180       ?getECSUDataType@UnDecorator@@CA?AVDName@@XZ 10012180 f   libvcruntimed:undname.obj
 0001:000113e0       ?getECSUName@UnDecorator@@CA?AVDName@@XZ 100123e0 f i libvcruntimed:undname.obj
 0001:00011400       ?getEnumType@UnDecorator@@CA?AVDName@@XZ 10012400 f i libvcruntimed:undname.obj
 0001:000115b0       ?getExtendedDataIndirectType@UnDecorator@@CA?AVDName@@AAW4IndirectionKind@@AA_NH@Z 100125b0 f   libvcruntimed:undname.obj
 0001:00011800       ?getExternalDataType@UnDecorator@@CA?AVDName@@ABV2@@Z 10012800 f i libvcruntimed:undname.obj
 0001:000118a0       ?getFloatingPoint@UnDecorator@@CA?AVDName@@H@Z 100128a0 f   libvcruntimed:undname.obj
 0001:00011a50       ?getFunctionIndirectType@UnDecorator@@CA?AVDName@@ABV2@@Z 10012a50 f   libvcruntimed:undname.obj
 0001:00011f30       ?getGuardNumber@UnDecorator@@CA?AVDName@@XZ 10012f30 f i libvcruntimed:undname.obj
 0001:00011f50       ?getLastChar@DName@@QBEDXZ 10012f50 f i libvcruntimed:undname.obj
 0001:00011f90       ?getLastChar@DNameStatusNode@@UBEDXZ 10012f90 f i libvcruntimed:undname.obj
 0001:00011fc0       ?getLastChar@charNode@@UBEDXZ 10012fc0 f i libvcruntimed:undname.obj
 0001:00011fe0       ?getLastChar@pDNameNode@@UBEDXZ 10012fe0 f i libvcruntimed:undname.obj
 0001:00012010       ?getLastChar@pairNode@@UBEDXZ 10013010 f i libvcruntimed:undname.obj
 0001:00012080       ?getLastChar@pcharNode@@UBEDXZ 10013080 f i libvcruntimed:undname.obj
 0001:000120c0       ?getLexicalFrame@UnDecorator@@CA?AVDName@@XZ 100130c0 f i libvcruntimed:undname.obj
 0001:00012100       ?getMemoryWithBuffer@_HeapManager@@QAEPAXI@Z 10013100 f   libvcruntimed:undname.obj
 0001:000121f0       ?getMemoryWithoutBuffer@_HeapManager@@QAEPAXI@Z 100131f0 f   libvcruntimed:undname.obj
 0001:00012230       ?getNoexcept@UnDecorator@@CA?AVDName@@XZ 10013230 f   libvcruntimed:undname.obj
 0001:000122b0       ?getNumberOfDimensions@UnDecorator@@CAHXZ 100132b0 f   libvcruntimed:undname.obj
 0001:000123b0       ?getOperatorName@UnDecorator@@CA?AVDName@@_NPA_N@Z 100133b0 f i libvcruntimed:undname.obj
 0001:00012ea0       ?getPointerType@UnDecorator@@CA?AVDName@@ABV2@0@Z 10013ea0 f i libvcruntimed:undname.obj
 0001:00012ec0       ?getPointerTypeArray@UnDecorator@@CA?AVDName@@ABV2@0@Z 10013ec0 f i libvcruntimed:undname.obj
 0001:00012ee0       ?getPrimaryDataType@UnDecorator@@CA?AVDName@@ABV2@@Z 10013ee0 f   libvcruntimed:undname.obj
 0001:00013350       ?getPtrRefDataType@UnDecorator@@CA?AVDName@@ABV2@H@Z 10014350 f   libvcruntimed:undname.obj
 0001:00013600       ?getPtrRefType@UnDecorator@@CA?AVDName@@ABV2@0W4IndirectionKind@@@Z 10014600 f   libvcruntimed:undname.obj
 0001:00013780       ?getReferenceType@UnDecorator@@CA?AVDName@@ABV2@0W4IndirectionKind@@@Z 10014780 f i libvcruntimed:undname.obj
 0001:000137a0       ?getRestrictionSpec@UnDecorator@@CA?AVDName@@XZ 100147a0 f   libvcruntimed:undname.obj
 0001:00013960       ?getReturnType@UnDecorator@@CA?AVDName@@PAV2@@Z 10014960 f   libvcruntimed:undname.obj
 0001:000139b0       ?getScope@UnDecorator@@CA?AVDName@@XZ 100149b0 f   libvcruntimed:undname.obj
 0001:00013f40       ?getScopedName@UnDecorator@@CA?AVDName@@XZ 10014f40 f   libvcruntimed:undname.obj
 0001:00014090       ?getSignedDimension@UnDecorator@@CA?AVDName@@XZ 10015090 f   libvcruntimed:undname.obj
 0001:00014110       ?getStorageConvention@UnDecorator@@CA?AVDName@@XZ 10015110 f i libvcruntimed:undname.obj
 0001:00014130       ?getString@DName@@QBEPADPAD0@Z 10015130 f i libvcruntimed:undname.obj
 0001:00014190       ?getString@DName@@QBEPADPADH@Z 10015190 f i libvcruntimed:undname.obj
 0001:00014220       ?getString@DNameStatusNode@@UBEPADPAD0@Z 10015220 f i libvcruntimed:undname.obj
 0001:00014260       ?getString@charNode@@UBEPADPAD0@Z 10015260 f i libvcruntimed:undname.obj
 0001:00014290       ?getString@pDNameNode@@UBEPADPAD0@Z 10015290 f i libvcruntimed:undname.obj
 0001:000142d0       ?getString@pairNode@@UBEPADPAD0@Z 100152d0 f i libvcruntimed:undname.obj
 0001:00014360       ?getString@pcharNode@@UBEPADPAD0@Z 10015360 f i libvcruntimed:undname.obj
 0001:00014390       ?getStringEncoding@UnDecorator@@CA?AVDName@@W4PrefixKind@@H@Z 10015390 f   libvcruntimed:undname.obj
 0001:000144a0       ?getStringHelper@@YAPADPADPBD1H@Z 100154a0 f i libvcruntimed:undname.obj
 0001:000144e0       ?getStringObject@UnDecorator@@CA?AVDName@@XZ 100154e0 f   libvcruntimed:undname.obj
 0001:00014590       ?getSymbolName@UnDecorator@@CA?AVDName@@XZ 10015590 f i libvcruntimed:undname.obj
 0001:00014620       ?getTemplateArgumentList@UnDecorator@@CA?AVDName@@XZ 10015620 f   libvcruntimed:undname.obj
 0001:000148f0       ?getTemplateName@UnDecorator@@CA?AVDName@@_N@Z 100158f0 f   libvcruntimed:undname.obj
 0001:00014ab0       ?getTemplateNonTypeArgument@UnDecorator@@CA?AVDName@@XZ 10015ab0 f   libvcruntimed:undname.obj
 0001:00014ff0       ?getTemplateTypeArgument@UnDecorator@@CA?AVDName@@XZ 10015ff0 f   libvcruntimed:undname.obj
 0001:00015190       ?getThisType@UnDecorator@@CA?AVDName@@XZ 10016190 f i libvcruntimed:undname.obj
 0001:000151d0       ?getThrowTypes@UnDecorator@@CA?AVDName@@XZ 100161d0 f   libvcruntimed:undname.obj
 0001:00015210       ?getTypeEncoding@UnDecorator@@CAHXZ 10016210 f i libvcruntimed:undname.obj
 0001:00015cd0       ?getUndecoratedName@UnDecorator@@QAEPADPADH@Z 10016cd0 f i libvcruntimed:undname.obj
 0001:00015e30       ?getVCallThunkType@UnDecorator@@CA?AVDName@@XZ 10016e30 f i libvcruntimed:undname.obj
 0001:00015eb0       ?getValue@UnDecorator@@CA?AV?$optional@_K@std@@XZ 10016eb0 f   libvcruntimed:undname.obj
 0001:00015f70       ?getValueObject@UnDecorator@@CA?AVDName@@XZ 10016f70 f   libvcruntimed:undname.obj
 0001:000160e0       ?getVbTableType@UnDecorator@@CA?AVDName@@ABV2@@Z 100170e0 f i libvcruntimed:undname.obj
 0001:00016100       ?getVdispMapType@UnDecorator@@CA?AVDName@@ABV2@@Z 10017100 f i libvcruntimed:undname.obj
 0001:00016190       ?getVfTableType@UnDecorator@@CA?AVDName@@ABV2@@Z 10017190 f i libvcruntimed:undname.obj
 0001:00016390       ?getZName@UnDecorator@@CA?AVDName@@_N0@Z 10017390 f   libvcruntimed:undname.obj
 0001:000166d0       ?haveTemplateParameters@UnDecorator@@SAHXZ 100176d0 f i libvcruntimed:undname.obj
 0001:000166e0       ?isArray@DName@@QBEHXZ     100176e0 f i libvcruntimed:undname.obj
 0001:00016700       ?isComArray@DName@@QBEHXZ  10017700 f i libvcruntimed:undname.obj
 0001:00016720       ?isEmpty@DName@@QBEHXZ     10017720 f i libvcruntimed:undname.obj
 0001:00016750       ?isFull@Replicator@@QBEHXZ 10017750 f i libvcruntimed:undname.obj
 0001:00016780       ?isNoTE@DName@@QBEHXZ      10017780 f i libvcruntimed:undname.obj
 0001:000167a0       ?isPinPtr@DName@@QBEHXZ    100177a0 f i libvcruntimed:undname.obj
 0001:000167c0       ?isPtrRef@DName@@QBEHXZ    100177c0 f i libvcruntimed:undname.obj
 0001:000167e0       ?isUDC@DName@@QBEHXZ       100177e0 f i libvcruntimed:undname.obj
 0001:00016820       ?isUDTThunk@DName@@QBEHXZ  10017820 f i libvcruntimed:undname.obj
 0001:00016860       ?isVCallThunk@DName@@QBEHXZ 10017860 f i libvcruntimed:undname.obj
 0001:00016880       ?isValid@DName@@QBEHXZ     10017880 f i libvcruntimed:undname.obj
 0001:000168c0       ?length@DName@@QBEHXZ      100178c0 f i libvcruntimed:undname.obj
 0001:00016900       ?length@DNameStatusNode@@UBEHXZ 10017900 f i libvcruntimed:undname.obj
 0001:00016920       ?length@charNode@@UBEHXZ   10017920 f i libvcruntimed:undname.obj
 0001:00016930       ?length@pDNameNode@@UBEHXZ 10017930 f i libvcruntimed:undname.obj
 0001:00016960       ?length@pairNode@@UBEHXZ   10017960 f i libvcruntimed:undname.obj
 0001:000169d0       ?length@pcharNode@@UBEHXZ  100179d0 f i libvcruntimed:undname.obj
 0001:000169f0       ?make@DNameStatusNode@@SAPBV1@W4DNameStatus@@@Z 100179f0 f i libvcruntimed:undname.obj
 0001:00016a20       ?parseDecoratedName@UnDecorator@@CA?AVDName@@XZ 10017a20 f   libvcruntimed:undname.obj
 0001:00016bb0       ?raw_length@DNameStatusNode@@UBEHXZ 10017bb0 f i libvcruntimed:undname.obj
 0001:00016bd0       ?raw_length@charNode@@UBEHXZ 10017bd0 f i libvcruntimed:undname.obj
 0001:00016bf0       ?raw_length@pDNameNode@@UBEHXZ 10017bf0 f i libvcruntimed:undname.obj
 0001:00016c00       ?raw_length@pairNode@@UBEHXZ 10017c00 f i libvcruntimed:undname.obj
 0001:00016c20       ?raw_length@pcharNode@@UBEHXZ 10017c20 f i libvcruntimed:undname.obj
 0001:00016c40       ?setIsArray@DName@@QAEXXZ  10017c40 f i libvcruntimed:undname.obj
 0001:00016c60       ?setIsComArray@DName@@QAEXXZ 10017c60 f i libvcruntimed:undname.obj
 0001:00016c80       ?setIsNoTE@DName@@QAEXXZ   10017c80 f i libvcruntimed:undname.obj
 0001:00016ca0       ?setIsPinPtr@DName@@QAEXXZ 10017ca0 f i libvcruntimed:undname.obj
 0001:00016cc0       ?setIsUDC@DName@@QAEXXZ    10017cc0 f i libvcruntimed:undname.obj
 0001:00016cf0       ?setIsVCallThunk@DName@@QAEXXZ 10017cf0 f i libvcruntimed:undname.obj
 0001:00016d10       ?setPtrRef@DName@@QAEAAV1@XZ 10017d10 f i libvcruntimed:undname.obj
 0001:00016d30       ?status@DName@@QBE?AW4DNameStatus@@XZ 10017d30 f i libvcruntimed:undname.obj
 0001:00016e30       ___unDName                 10017e30 f   libvcruntimed:undname.obj
 0001:00016e60       ___unDNameEx               10017e60 f   libvcruntimed:undname.obj
 0001:00016f30       _unDNameGenerateCHPE       10017f30 f   libvcruntimed:undname.obj
 0001:00016f90       ___vcrt_initialize_locks   10017f90 f   libvcruntimed:locks.obj
 0001:00017000       ___vcrt_lock               10018000 f   libvcruntimed:locks.obj
 0001:00017020       ___vcrt_uninitialize_locks 10018020 f   libvcruntimed:locks.obj
 0001:00017070       ___vcrt_unlock             10018070 f   libvcruntimed:locks.obj
 0001:00017090       __global_unwind2           10018090 f   libvcruntimed:exsup.obj
 0001:000170f6       __local_unwind2            100180f6 f   libvcruntimed:exsup.obj
 0001:0001717a       __abnormal_termination     1001817a f   libvcruntimed:exsup.obj
 0001:000171a0       __NLG_Notify1              100181a0 f   libvcruntimed:exsup.obj
 0001:000171ac       __NLG_Notify               100181ac f   libvcruntimed:exsup.obj
 0001:000171c3       __NLG_Dispatch             100181c3     libvcruntimed:exsup.obj
 0001:000171c3       __NLG_Dispatch2            100181c3     libvcruntimed:exsup.obj
 0001:000171cb       __NLG_Call                 100181cb f   libvcruntimed:exsup.obj
 0001:000171cd       __NLG_Return2              100181cd     libvcruntimed:exsup.obj
 0001:000171d0       ??$__crt_interlocked_exchange_pointer@UHINSTANCE__@@PAU1@@@YAPAUHINSTANCE__@@PDSAU0@QAU0@@Z 100181d0 f i libvcruntimed:winapi_downlevel.obj
 0001:000171e0       ??$__crt_interlocked_exchange_pointer@UHINSTANCE__@@PAX@@YAPAUHINSTANCE__@@PDSAU0@QAX@Z 100181e0 f i libvcruntimed:winapi_downlevel.obj
 0001:000171f0       ??$__crt_interlocked_exchange_pointer@XPAX@@YAPAXPDSAXQAX@Z 100181f0 f i libvcruntimed:winapi_downlevel.obj
 0001:00017200       ??$__crt_interlocked_read_pointer@UHINSTANCE__@@@@YAPAUHINSTANCE__@@PDSAU0@@Z 10018200 f i libvcruntimed:winapi_downlevel.obj
 0001:00017220       ??$__crt_interlocked_read_pointer@X@@YAPAXPDSAX@Z 10018220 f i libvcruntimed:winapi_downlevel.obj
 0001:000175f0       ___vcrt_FlsAlloc           100185f0 f   libvcruntimed:winapi_downlevel.obj
 0001:00017630       ___vcrt_FlsFree            10018630 f   libvcruntimed:winapi_downlevel.obj
 0001:00017670       ___vcrt_FlsGetValue        10018670 f   libvcruntimed:winapi_downlevel.obj
 0001:000176b0       ___vcrt_FlsSetValue        100186b0 f   libvcruntimed:winapi_downlevel.obj
 0001:00017700       ___vcrt_InitializeCriticalSectionEx 10018700 f   libvcruntimed:winapi_downlevel.obj
 0001:00017750       ??$__crt_interlocked_exchange_pointer@$$A6AXXZP6AXXZ@@YAP6AXXZPDS6AXXZQ6AXXZ@Z 10018750 f i libvcruntimed:purevirt.obj
 0001:00017760       ??$__crt_interlocked_read_pointer@$$A6AXXZ@@YAP6AXXZPDS6AXXZ@Z 10018760 f i libvcruntimed:purevirt.obj
 0001:00017780       __get_purecall_handler     10018780 f   libvcruntimed:purevirt.obj
 0001:000177a0       __purecall                 100187a0 f   libvcruntimed:purevirt.obj
 0001:000177d0       __set_purecall_handler     100187d0 f   libvcruntimed:purevirt.obj
 0001:000177f0       ??$?0AAViterator@TryBlockMap@__FrameHandler3@@AAV012@$0A@@?$pair@Viterator@TryBlockMap@__FrameHandler3@@V123@@std@@QAE@AAViterator@TryBlockMap@__FrameHandler3@@0@Z 100187f0 f i libvcruntimed:trnsctrl.obj
 0001:00017840       ??$forward@AAViterator@TryBlockMap@__FrameHandler3@@@std@@YAAAViterator@TryBlockMap@__FrameHandler3@@AAV123@@Z 10018840 f i libvcruntimed:trnsctrl.obj
 0001:00017850       ??0iterator@TryBlockMap@__FrameHandler3@@QAE@AAV12@I@Z 10018850 f i libvcruntimed:trnsctrl.obj
 0001:00017880       ?GetRangeOfTrysToCheck@__FrameHandler3@@SA?AU?$pair@Viterator@TryBlockMap@__FrameHandler3@@V123@@std@@AAVTryBlockMap@1@HPAXPBU_s_FuncInfo@@H@Z 10018880 f   libvcruntimed:trnsctrl.obj
 0001:00017960       ?_CallCatchBlock2@@YAPAXPAUEHRegistrationNode@@PBU_s_FuncInfo@@PAXHK@Z 10018960 f   libvcruntimed:trnsctrl.obj
 0001:000179d0       ?_CallSETranslator@@YAHPAUEHExceptionRecord@@PAUEHRegistrationNode@@PAX2PBU_s_FuncInfo@@H1@Z 100189d0 f   libvcruntimed:trnsctrl.obj
 0001:00017ad0       ?_JumpToContinuation@@YGXPAXPAUEHRegistrationNode@@@Z 10018ad0 f   libvcruntimed:trnsctrl.obj
 0001:00017b10       ?_UnwindNestedFrames@@YGXPAUEHRegistrationNode@@PAUEHExceptionRecord@@@Z 10018b10 f   libvcruntimed:trnsctrl.obj
 0001:00017b70       __CatchGuardHandler        10018b70 f   libvcruntimed:trnsctrl.obj
 0001:00017bc0       __CreateFrameInfo          10018bc0 f   libvcruntimed:trnsctrl.obj
 0001:00017bf0       __FindAndUnlinkFrame       10018bf0 f   libvcruntimed:trnsctrl.obj
 0001:00017c60       __TranslatorGuardHandler   10018c60 f   libvcruntimed:trnsctrl.obj
 0001:00017d10       ___CxxFrameHandler         10018d10 f   libvcruntimed:trnsctrl.obj
 0001:00017d50       ___CxxFrameHandler2        10018d50 f   libvcruntimed:trnsctrl.obj
 0001:00017d90       ___CxxFrameHandler3        10018d90 f   libvcruntimed:trnsctrl.obj
 0001:00017dd0       ___CxxLongjmpUnwind@4      10018dd0 f   libvcruntimed:trnsctrl.obj
 0001:00018980       ??$TypeMatchHelper@V__FrameHandler3@@@@YAHPBU_s_HandlerType@@PBU_s_CatchableType@@PBU_s_ThrowInfo@@@Z 10019980 f i libvcruntimed:frame.obj
 0001:00018a60       ??$__InternalCxxFrameHandler@V__FrameHandler3@@@@YA?AW4_EXCEPTION_DISPOSITION@@PAUEHExceptionRecord@@PAUEHRegistrationNode@@PAU_CONTEXT@@PAXPBU_s_FuncInfo@@H1E@Z 10019a60 f i libvcruntimed:frame.obj
 0001:00018c20       ??0HandlerMap@__FrameHandler3@@QAE@PBU_s_TryBlockMapEntry@@II@Z 10019c20 f i libvcruntimed:frame.obj
 0001:00018c50       ??0TryBlockMap@__FrameHandler3@@QAE@PBU_s_FuncInfo@@I@Z 10019c50 f i libvcruntimed:frame.obj
 0001:00018c80       ??0bad_exception@std@@QAE@ABV01@@Z 10019c80 f i libvcruntimed:frame.obj
 0001:00018cb0       ??0bad_exception@std@@QAE@XZ 10019cb0 f i libvcruntimed:frame.obj
 0001:00018ce0       ??0exception@std@@QAE@ABV01@@Z 10019ce0 f i libvcruntimed:frame.obj
 0001:00018d20       ??0exception@std@@QAE@QBDH@Z 10019d20 f i libvcruntimed:frame.obj
 0001:00018d50       ??0iterator@HandlerMap@__FrameHandler3@@QAE@AAV12@I@Z 10019d50 f i libvcruntimed:frame.obj
 0001:00018d80       ??1bad_exception@std@@UAE@XZ 10019d80 f i libvcruntimed:frame.obj
 0001:00018da0       ??1exception@std@@UAE@XZ   10019da0 f i libvcruntimed:frame.obj
 0001:00018dd0       ??8iterator@HandlerMap@__FrameHandler3@@QBE_NABV012@@Z 10019dd0 f i libvcruntimed:frame.obj
 0001:00018e00       ??8type_info@@QBE_NABV0@@Z 10019e00 f i libvcruntimed:frame.obj
 0001:00018e40       ??9iterator@HandlerMap@__FrameHandler3@@QBE_NABV012@@Z 10019e40 f i libvcruntimed:frame.obj
 0001:00018e80       ??Diterator@HandlerMap@__FrameHandler3@@QAE?BU_s_HandlerType@@XZ 10019e80 f i libvcruntimed:frame.obj
 0001:00018ec0       ??Diterator@TryBlockMap@__FrameHandler3@@QAE?BU_s_TryBlockMapEntry@@XZ 10019ec0 f i libvcruntimed:frame.obj
 0001:00018f10       ??Eiterator@HandlerMap@__FrameHandler3@@QAEAAV012@XZ 10019f10 f i libvcruntimed:frame.obj
 0001:00018f30       ??Eiterator@TryBlockMap@__FrameHandler3@@QAEAAV012@XZ 10019f30 f i libvcruntimed:frame.obj
 0001:00018f50       ??Miterator@TryBlockMap@__FrameHandler3@@QBE_NABV012@@Z 10019f50 f i libvcruntimed:frame.obj
 0001:00018f80       ??_Gbad_exception@std@@UAEPAXI@Z 10019f80 f i libvcruntimed:frame.obj
 0001:00018f80       ??_Ebad_exception@std@@UAEPAXI@Z 10019f80 f i libvcruntimed:frame.obj
 0001:00018fb0       ??_Gexception@std@@UAEPAXI@Z 10019fb0 f i libvcruntimed:frame.obj
 0001:00018fb0       ??_Eexception@std@@UAEPAXI@Z 10019fb0 f i libvcruntimed:frame.obj
 0001:00018fe0       ?BuildCatchObject@__FrameHandler3@@SAXPAUEHExceptionRecord@@PAXPBU_s_HandlerType@@PBU_s_CatchableType@@@Z 10019fe0 f   libvcruntimed:frame.obj
 0001:00019000       ?BuildCatchObjectHelper@__FrameHandler3@@SAHPAUEHExceptionRecord@@PAXPBU_s_HandlerType@@PBU_s_CatchableType@@@Z 1001a000 f   libvcruntimed:frame.obj
 0001:000193a0       ?FrameUnwindToEmptyState@__FrameHandler3@@SAXPAUEHRegistrationNode@@PAXPBU_s_FuncInfo@@@Z 1001a3a0 f   libvcruntimed:frame.obj
 0001:000193c0       ?FrameUnwindToState@__FrameHandler3@@SAXPAUEHRegistrationNode@@PAXPBU_s_FuncInfo@@H@Z 1001a3c0 f   libvcruntimed:frame.obj
 0001:00019540       ?GetMaxState@__FrameHandler3@@SAHPAXPBU_s_FuncInfo@@@Z 1001a540 f i libvcruntimed:frame.obj
 0001:00019660       ?TypeMatch@__FrameHandler3@@SAHPBU_s_HandlerType@@PBU_s_CatchableType@@PBU_s_ThrowInfo@@@Z 1001a660 f   libvcruntimed:frame.obj
 0001:00019680       ?_CallMemberFunction1@@YGXQAX00@Z 1001a680 f i libvcruntimed:frame.obj
 0001:000196b0       ?_CallMemberFunction2@@YGXQAX00H@Z 1001a6b0 f i libvcruntimed:frame.obj
 0001:000196e0       ?begin@HandlerMap@__FrameHandler3@@QAE?AViterator@12@XZ 1001a6e0 f i libvcruntimed:frame.obj
 0001:00019700       ?end@HandlerMap@__FrameHandler3@@QAE?AViterator@12@XZ 1001a700 f i libvcruntimed:frame.obj
 0001:00019730       ?getESTypes@__FrameHandler3@@SAPBU_s_ESTypeList@@PBU_s_FuncInfo@@@Z 1001a730 f i libvcruntimed:frame.obj
 0001:00019740       ?getLastEntry@HandlerMap@__FrameHandler3@@QAEPBU_s_HandlerType@@XZ 1001a740 f i libvcruntimed:frame.obj
 0001:00019760       ?getMagicNum@__FrameHandler3@@SAIPBU_s_FuncInfo@@@Z 1001a760 f i libvcruntimed:frame.obj
 0001:00019770       ?getNumTryBlocks@TryBlockMap@__FrameHandler3@@QAEIXZ 1001a770 f i libvcruntimed:frame.obj
 0001:00019790       ?isEHs@__FrameHandler3@@SA_NPBU_s_FuncInfo@@@Z 1001a790 f i libvcruntimed:frame.obj
 0001:000197c0       ?isNoExcept@__FrameHandler3@@SA_NPBU_s_FuncInfo@@@Z 1001a7c0 f i libvcruntimed:frame.obj
 0001:000197f0       ?what@exception@std@@UBEPBDXZ 1001a7f0 f i libvcruntimed:frame.obj
 0001:00019820       ___BuildCatchObject        1001a820 f   libvcruntimed:frame.obj
 0001:00019840       ___BuildCatchObjectHelper  1001a840 f   libvcruntimed:frame.obj
 0001:00019860       ___TypeMatch               1001a860 f   libvcruntimed:frame.obj
 0001:00019880       ___vcrt_EncodePointer      1001a880 f i libvcruntimed:frame.obj
 0001:00019890       __CallSettingFrame@12      1001a890 f   libvcruntimed:lowhelpr.obj
 0001:000198b7       __NLG_Return               1001a8b7     libvcruntimed:lowhelpr.obj
 0001:00019910       __get_unexpected           1001a910 f   libvcruntimed:unexpected.obj
 0001:00019930       _set_unexpected            1001a930 f   libvcruntimed:unexpected.obj
 0001:00019960       _unexpected                1001a960 f   libvcruntimed:unexpected.obj
 0001:000199a0       _memmove                   1001a9a0 f   libvcruntimed:memmove.obj
 0001:00019f20       ?GetCurrentState@__FrameHandler3@@SAHPAUEHRegistrationNode@@PAXPBU_s_FuncInfo@@@Z 1001af20 f   libvcruntimed:ehstate.obj
 0001:00019f50       ?SetState@__FrameHandler3@@SAXPAUEHRegistrationNode@@PBU_s_FuncInfo@@H@Z 1001af50 f   libvcruntimed:ehstate.obj
 0001:00019f60       ??$?RD@__crt_public_free_policy@@QBEXQBD@Z 1001af60 f i libvcruntimed:std_exception.obj
 0001:00019f80       ??0?$__crt_unique_heap_ptr@DU__crt_public_free_policy@@@@QAE@QAD@Z 1001af80 f i libvcruntimed:std_exception.obj
 0001:00019fa0       ??1?$__crt_unique_heap_ptr@DU__crt_public_free_policy@@@@QAE@XZ 1001afa0 f i libvcruntimed:std_exception.obj
 0001:00019fc0       ??B?$__crt_unique_heap_ptr@DU__crt_public_free_policy@@@@QBE_NXZ 1001afc0 f i libvcruntimed:std_exception.obj
 0001:00019fe0       ?detach@?$__crt_unique_heap_ptr@DU__crt_public_free_policy@@@@QAEPADXZ 1001afe0 f i libvcruntimed:std_exception.obj
 0001:0001a010       ?get@?$__crt_unique_heap_ptr@DU__crt_public_free_policy@@@@QBEPADXZ 1001b010 f i libvcruntimed:std_exception.obj
 0001:0001a020       ?is_valid@?$__crt_unique_heap_ptr@DU__crt_public_free_policy@@@@QBE_NXZ 1001b020 f i libvcruntimed:std_exception.obj
 0001:0001a050       ?release@?$__crt_unique_heap_ptr@DU__crt_public_free_policy@@@@QAEXXZ 1001b050 f i libvcruntimed:std_exception.obj
 0001:0001a080       ___std_exception_copy      1001b080 f   libvcruntimed:std_exception.obj
 0001:0001a170       ___std_exception_destroy   1001b170 f   libvcruntimed:std_exception.obj
 0001:0001a1a0       __CxxThrowException@8      1001b1a0 f   libvcruntimed:throw.obj
 0001:0001a250       ??$__crt_interlocked_read@J@@YAJPDJ@Z 1001b250 f i libucrtd:assert.obj
 0001:0001bd00       ??$ftprintf@PAU_iobuf@@PBDABQBDABQBDABI@?$__crt_char_traits@D@@SAH$$QAPAU_iobuf@@$$QAPBDABQBD2ABI@Z 1001cd00 f i libucrtd:assert.obj
 0001:0001bd30       ??$ftprintf@PAU_iobuf@@PB_WABQB_WABQB_WABI@?$__crt_char_traits@_W@@SAH$$QAPAU_iobuf@@$$QAPB_WABQB_W2ABI@Z 1001cd30 f i libucrtd:assert.obj
 0001:0001bd60       ??$get_module_file_name@AAPAUHINSTANCE__@@AAY0BAF@DK@?$__crt_char_traits@D@@SAKAAPAUHINSTANCE__@@AAY0BAF@D$$QAK@Z 1001cd60 f i libucrtd:assert.obj
 0001:0001bd80       ??$get_module_file_name@AAPAUHINSTANCE__@@AAY0BAF@_WK@?$__crt_char_traits@_W@@SAKAAPAUHINSTANCE__@@AAY0BAF@_W$$QAK@Z 1001cd80 f i libucrtd:assert.obj
 0001:0001bda0       ??$itot_s@ABIPADIH@?$__crt_char_traits@D@@SAHABI$$QAPAD$$QAI$$QAH@Z 1001cda0 f i libucrtd:assert.obj
 0001:0001bdd0       ??$itot_s@ABIPA_WIH@?$__crt_char_traits@_W@@SAHABI$$QAPA_W$$QAI$$QAH@Z 1001cdd0 f i libucrtd:assert.obj
 0001:0001be00       ??$show_message_box@AAY0CEA@DPBDJ@?$__crt_char_traits@D@@SAHAAY0CEA@D$$QAPBD$$QAJ@Z 1001ce00 f i libucrtd:assert.obj
 0001:0001be20       ??$show_message_box@AAY0CEA@_WPB_WJ@?$__crt_char_traits@_W@@SAHAAY0CEA@_W$$QAPB_W$$QAJ@Z 1001ce20 f i libucrtd:assert.obj
 0001:0001be40       ??$tcscat_s@ABQADABIAAPAD@?$__crt_char_traits@D@@SAHABQADABIAAPAD@Z 1001ce40 f i libucrtd:assert.obj
 0001:0001be70       ??$tcscat_s@ABQADABIABQBD@?$__crt_char_traits@D@@SAHABQADABIABQBD@Z 1001ce70 f i libucrtd:assert.obj
 0001:0001bea0       ??$tcscat_s@ABQADABIPBD@?$__crt_char_traits@D@@SAHABQADABI$$QAPBD@Z 1001cea0 f i libucrtd:assert.obj
 0001:0001bed0       ??$tcscat_s@ABQA_WABIAAPA_W@?$__crt_char_traits@_W@@SAHABQA_WABIAAPA_W@Z 1001ced0 f i libucrtd:assert.obj
 0001:0001bf00       ??$tcscat_s@ABQA_WABIABQB_W@?$__crt_char_traits@_W@@SAHABQA_WABIABQB_W@Z 1001cf00 f i libucrtd:assert.obj
 0001:0001bf30       ??$tcscat_s@ABQA_WABIPB_W@?$__crt_char_traits@_W@@SAHABQA_WABI$$QAPB_W@Z 1001cf30 f i libucrtd:assert.obj
 0001:0001bf60       ??$tcscpy_s@AAY0BAF@DIPBD@?$__crt_char_traits@D@@SAHAAY0BAF@D$$QAI$$QAPBD@Z 1001cf60 f i libucrtd:assert.obj
 0001:0001bf80       ??$tcscpy_s@AAY0BAF@_WIPB_W@?$__crt_char_traits@_W@@SAHAAY0BAF@_W$$QAI$$QAPB_W@Z 1001cf80 f i libucrtd:assert.obj
 0001:0001bfa0       ??$tcscpy_s@ABQADABIPBD@?$__crt_char_traits@D@@SAHABQADABI$$QAPBD@Z 1001cfa0 f i libucrtd:assert.obj
 0001:0001bfd0       ??$tcscpy_s@ABQA_WABIPB_W@?$__crt_char_traits@_W@@SAHABQA_WABI$$QAPB_W@Z 1001cfd0 f i libucrtd:assert.obj
 0001:0001c000       ??$tcslen@AAY0BAF@D@?$__crt_char_traits@D@@SAIAAY0BAF@D@Z 1001d000 f i libucrtd:assert.obj
 0001:0001c020       ??$tcslen@AAY0BAF@_W@?$__crt_char_traits@_W@@SAIAAY0BAF@_W@Z 1001d020 f i libucrtd:assert.obj
 0001:0001c040       ??$tcslen@ABQAD@?$__crt_char_traits@D@@SAIABQAD@Z 1001d040 f i libucrtd:assert.obj
 0001:0001c060       ??$tcslen@ABQA_W@?$__crt_char_traits@_W@@SAIABQA_W@Z 1001d060 f i libucrtd:assert.obj
 0001:0001c080       ??$tcslen@ABQBD@?$__crt_char_traits@D@@SAIABQBD@Z 1001d080 f i libucrtd:assert.obj
 0001:0001c0a0       ??$tcslen@ABQB_W@?$__crt_char_traits@_W@@SAIABQB_W@Z 1001d0a0 f i libucrtd:assert.obj
 0001:0001c0c0       ??$tcsncat_s@ABQADABIAAPBDI@?$__crt_char_traits@D@@SAHABQADABIAAPBD$$QAI@Z 1001d0c0 f i libucrtd:assert.obj
 0001:0001c0f0       ??$tcsncat_s@ABQADABIABQBDABI@?$__crt_char_traits@D@@SAHABQADABIABQBD1@Z 1001d0f0 f i libucrtd:assert.obj
 0001:0001c120       ??$tcsncat_s@ABQADABIPBDI@?$__crt_char_traits@D@@SAHABQADABI$$QAPBD$$QAI@Z 1001d120 f i libucrtd:assert.obj
 0001:0001c150       ??$tcsncat_s@ABQA_WABIAAPB_WI@?$__crt_char_traits@_W@@SAHABQA_WABIAAPB_W$$QAI@Z 1001d150 f i libucrtd:assert.obj
 0001:0001c180       ??$tcsncat_s@ABQA_WABIABQB_WABI@?$__crt_char_traits@_W@@SAHABQA_WABIABQB_W1@Z 1001d180 f i libucrtd:assert.obj
 0001:0001c1b0       ??$tcsncat_s@ABQA_WABIPB_WI@?$__crt_char_traits@_W@@SAHABQA_WABI$$QAPB_W$$QAI@Z 1001d1b0 f i libucrtd:assert.obj
 0001:0001c1e0       ??0__crt_stdio_stream@@QAE@QAU_iobuf@@@Z 1001d1e0 f i libucrtd:assert.obj
 0001:0001c3d0       ?get_flags@__crt_stdio_stream@@QBEJXZ 1001d3d0 f i libucrtd:assert.obj
 0001:0001c4b0       ?has_any_buffer@__crt_stdio_stream@@QBE_NXZ 1001d4b0 f i libucrtd:assert.obj
 0001:0001c4d0       ?has_any_of@__crt_stdio_stream@@QBE_NJ@Z 1001d4d0 f i libucrtd:assert.obj
 0001:0001c510       __assert                   1001d510 f   libucrtd:assert.obj
 0001:0001c530       __invoke_watson_if_error   1001d530 f i libucrtd:assert.obj
 0001:0001c560       __vfwprintf_l              1001d560 f i libucrtd:assert.obj
 0001:0001c590       __vswprintf_c_l            1001d590 f i libucrtd:assert.obj
 0001:0001c5e0       __wassert                  1001d5e0 f   libucrtd:assert.obj
 0001:0001c600       _fwprintf                  1001d600 f i libucrtd:assert.obj
 0001:0001c750       _swprintf                  1001d750 f i libucrtd:assert.obj
 0001:0001c790       ??$?RPAU__crt_stdio_stream_data@@@__crt_internal_free_policy@@QBEXQBQAU__crt_stdio_stream_data@@@Z 1001d790 f i libucrtd:_file.obj
 0001:0001c7b0       ??0?$__crt_unique_heap_ptr@PAU__crt_stdio_stream_data@@U__crt_internal_free_policy@@@@QAE@QAPAU__crt_stdio_stream_data@@@Z 1001d7b0 f i libucrtd:_file.obj
 0001:0001c7d0       ??1?$__crt_unique_heap_ptr@PAU__crt_stdio_stream_data@@U__crt_internal_free_policy@@@@QAE@XZ 1001d7d0 f i libucrtd:_file.obj
 0001:0001c7f0       ??C__crt_stdio_stream@@QBEPAU__crt_stdio_stream_data@@XZ 1001d7f0 f i libucrtd:_file.obj
 0001:0001c810       ?detach@?$__crt_unique_heap_ptr@PAU__crt_stdio_stream_data@@U__crt_internal_free_policy@@@@QAEPAPAU__crt_stdio_stream_data@@XZ 1001d810 f i libucrtd:_file.obj
 0001:0001c840       ?release@?$__crt_unique_heap_ptr@PAU__crt_stdio_stream_data@@U__crt_internal_free_policy@@@@QAEXXZ 1001d840 f i libucrtd:_file.obj
 0001:0001c870       ___acrt_initialize_stdio   1001d870 f   libucrtd:_file.obj
 0001:0001c9e0       ___acrt_iob_func           1001d9e0 f   libucrtd:_file.obj
 0001:0001c9f0       ___acrt_uninitialize_stdio 1001d9f0 f   libucrtd:_file.obj
 0001:0001ca70       __get_stream_buffer_pointers 1001da70 f   libucrtd:_file.obj
 0001:0001cb50       __lock_file                1001db50 f   libucrtd:_file.obj
 0001:0001cb80       __unlock_file              1001db80 f   libucrtd:_file.obj
 0001:0001cbb0       ??$?0ABV?$stream_output_adapter@D@__crt_stdio_output@@AB_KABQBDABQAU__crt_locale_pointers@@ABQAD@?$format_validation_base@DV?$stream_output_adapter@D@__crt_stdio_output@@@__crt_stdio_output@@IAE@ABV?$stream_output_adapter@D@1@AB_KABQBDABQAU__crt_locale_pointers@@ABQAD@Z 1001dbb0 f i libucrtd:output.obj
 0001:0001cbe0       ??$?0ABV?$stream_output_adapter@D@__crt_stdio_output@@AB_KABQBDABQAU__crt_locale_pointers@@ABQAD@?$positional_parameter_base@DV?$stream_output_adapter@D@__crt_stdio_output@@@__crt_stdio_output@@IAE@ABV?$stream_output_adapter@D@1@AB_KABQBDABQAU__crt_locale_pointers@@ABQAD@Z 1001dbe0 f i libucrtd:output.obj
 0001:0001cc60       ??$?0ABV?$stream_output_adapter@D@__crt_stdio_output@@AB_KABQBDABQAU__crt_locale_pointers@@ABQAD@?$standard_base@DV?$stream_output_adapter@D@__crt_stdio_output@@@__crt_stdio_output@@IAE@ABV?$stream_output_adapter@D@1@AB_KABQBDABQAU__crt_locale_pointers@@ABQAD@Z 1001dc60 f i libucrtd:output.obj
 0001:0001ccb0       ??$?0ABV?$stream_output_adapter@_W@__crt_stdio_output@@AB_KABQB_WABQAU__crt_locale_pointers@@ABQAD@?$format_validation_base@_WV?$stream_output_adapter@_W@__crt_stdio_output@@@__crt_stdio_output@@IAE@ABV?$stream_output_adapter@_W@1@AB_KABQB_WABQAU__crt_locale_pointers@@ABQAD@Z 1001dcb0 f i libucrtd:output.obj
 0001:0001cce0       ??$?0ABV?$stream_output_adapter@_W@__crt_stdio_output@@AB_KABQB_WABQAU__crt_locale_pointers@@ABQAD@?$positional_parameter_base@_WV?$stream_output_adapter@_W@__crt_stdio_output@@@__crt_stdio_output@@IAE@ABV?$stream_output_adapter@_W@1@AB_KABQB_WABQAU__crt_locale_pointers@@ABQAD@Z 1001dce0 f i libucrtd:output.obj
 0001:0001cd60       ??$?0ABV?$stream_output_adapter@_W@__crt_stdio_output@@AB_KABQB_WABQAU__crt_locale_pointers@@ABQAD@?$standard_base@_WV?$stream_output_adapter@_W@__crt_stdio_output@@@__crt_stdio_output@@IAE@ABV?$stream_output_adapter@_W@1@AB_KABQB_WABQAU__crt_locale_pointers@@ABQAD@Z 1001dd60 f i libucrtd:output.obj
 0001:0001cdb0       ??$?0ABV?$string_output_adapter@D@__crt_stdio_output@@AB_KABQBDABQAU__crt_locale_pointers@@ABQAD@?$format_validation_base@DV?$string_output_adapter@D@__crt_stdio_output@@@__crt_stdio_output@@IAE@ABV?$string_output_adapter@D@1@AB_KABQBDABQAU__crt_locale_pointers@@ABQAD@Z 1001ddb0 f i libucrtd:output.obj
 0001:0001cde0       ??$?0ABV?$string_output_adapter@D@__crt_stdio_output@@AB_KABQBDABQAU__crt_locale_pointers@@ABQAD@?$positional_parameter_base@DV?$string_output_adapter@D@__crt_stdio_output@@@__crt_stdio_output@@IAE@ABV?$string_output_adapter@D@1@AB_KABQBDABQAU__crt_locale_pointers@@ABQAD@Z 1001dde0 f i libucrtd:output.obj
 0001:0001ce60       ??$?0ABV?$string_output_adapter@D@__crt_stdio_output@@AB_KABQBDABQAU__crt_locale_pointers@@ABQAD@?$standard_base@DV?$string_output_adapter@D@__crt_stdio_output@@@__crt_stdio_output@@IAE@ABV?$string_output_adapter@D@1@AB_KABQBDABQAU__crt_locale_pointers@@ABQAD@Z 1001de60 f i libucrtd:output.obj
 0001:0001ceb0       ??$?0ABV?$string_output_adapter@_W@__crt_stdio_output@@AB_KABQB_WABQAU__crt_locale_pointers@@ABQAD@?$format_validation_base@_WV?$string_output_adapter@_W@__crt_stdio_output@@@__crt_stdio_output@@IAE@ABV?$string_output_adapter@_W@1@AB_KABQB_WABQAU__crt_locale_pointers@@ABQAD@Z 1001deb0 f i libucrtd:output.obj
 0001:0001cee0       ??$?0ABV?$string_output_adapter@_W@__crt_stdio_output@@AB_KABQB_WABQAU__crt_locale_pointers@@ABQAD@?$positional_parameter_base@_WV?$string_output_adapter@_W@__crt_stdio_output@@@__crt_stdio_output@@IAE@ABV?$string_output_adapter@_W@1@AB_KABQB_WABQAU__crt_locale_pointers@@ABQAD@Z 1001dee0 f i libucrtd:output.obj
 0001:0001cf60       ??$?0ABV?$string_output_adapter@_W@__crt_stdio_output@@AB_KABQB_WABQAU__crt_locale_pointers@@ABQAD@?$standard_base@_WV?$string_output_adapter@_W@__crt_stdio_output@@@__crt_stdio_output@@IAE@ABV?$string_output_adapter@_W@1@AB_KABQB_WABQAU__crt_locale_pointers@@ABQAD@Z 1001df60 f i libucrtd:output.obj
 0001:00020210       ??$count@D@formatting_buffer@__crt_stdio_output@@QBEIXZ 10021210 f i libucrtd:output.obj
 0001:00020250       ??$count@_W@formatting_buffer@__crt_stdio_output@@QBEIXZ 10021250 f i libucrtd:output.obj
 0001:00020290       ??$data@D@formatting_buffer@__crt_stdio_output@@QAEPADXZ 10021290 f i libucrtd:output.obj
 0001:000202d0       ??$data@_W@formatting_buffer@__crt_stdio_output@@QAEPA_WXZ 100212d0 f i libucrtd:output.obj
 0001:00020310       ??$ensure_buffer_is_big_enough@D@formatting_buffer@__crt_stdio_output@@QAE_NI@Z 10021310 f i libucrtd:output.obj
 0001:000203f0       ??$ensure_buffer_is_big_enough@_W@formatting_buffer@__crt_stdio_output@@QAE_NI@Z 100213f0 f i libucrtd:output.obj
 0001:000204e0       ??$extract_argument_from_va_list@C_J@?$positional_parameter_base@DV?$stream_output_adapter@D@__crt_stdio_output@@@__crt_stdio_output@@IAE_NAA_J@Z 100214e0 f i libucrtd:output.obj
 0001:00020620       ??$extract_argument_from_va_list@C_J@?$positional_parameter_base@DV?$string_output_adapter@D@__crt_stdio_output@@@__crt_stdio_output@@IAE_NAA_J@Z 10021620 f i libucrtd:output.obj
 0001:00020760       ??$extract_argument_from_va_list@C_J@?$positional_parameter_base@_WV?$stream_output_adapter@_W@__crt_stdio_output@@@__crt_stdio_output@@IAE_NAA_J@Z 10021760 f i libucrtd:output.obj
 0001:000208a0       ??$extract_argument_from_va_list@C_J@?$positional_parameter_base@_WV?$string_output_adapter@_W@__crt_stdio_output@@@__crt_stdio_output@@IAE_NAA_J@Z 100218a0 f i libucrtd:output.obj
 0001:000209e0       ??$extract_argument_from_va_list@C_J@?$standard_base@DV?$stream_output_adapter@D@__crt_stdio_output@@@__crt_stdio_output@@IAE_NAA_J@Z 100219e0 f i libucrtd:output.obj
 0001:00020a10       ??$extract_argument_from_va_list@C_J@?$standard_base@DV?$string_output_adapter@D@__crt_stdio_output@@@__crt_stdio_output@@IAE_NAA_J@Z 10021a10 f i libucrtd:output.obj
 0001:00020a40       ??$extract_argument_from_va_list@C_J@?$standard_base@_WV?$stream_output_adapter@_W@__crt_stdio_output@@@__crt_stdio_output@@IAE_NAA_J@Z 10021a40 f i libucrtd:output.obj
 0001:00020a70       ??$extract_argument_from_va_list@C_J@?$standard_base@_WV?$string_output_adapter@_W@__crt_stdio_output@@@__crt_stdio_output@@IAE_NAA_J@Z 10021a70 f i libucrtd:output.obj
 0001:00020aa0       ??$extract_argument_from_va_list@E_J@?$positional_parameter_base@DV?$stream_output_adapter@D@__crt_stdio_output@@@__crt_stdio_output@@IAE_NAA_J@Z 10021aa0 f i libucrtd:output.obj
 0001:00020be0       ??$extract_argument_from_va_list@E_J@?$positional_parameter_base@DV?$string_output_adapter@D@__crt_stdio_output@@@__crt_stdio_output@@IAE_NAA_J@Z 10021be0 f i libucrtd:output.obj
 0001:00020d20       ??$extract_argument_from_va_list@E_J@?$positional_parameter_base@_WV?$stream_output_adapter@_W@__crt_stdio_output@@@__crt_stdio_output@@IAE_NAA_J@Z 10021d20 f i libucrtd:output.obj
 0001:00020e60       ??$extract_argument_from_va_list@E_J@?$positional_parameter_base@_WV?$string_output_adapter@_W@__crt_stdio_output@@@__crt_stdio_output@@IAE_NAA_J@Z 10021e60 f i libucrtd:output.obj
 0001:00020fa0       ??$extract_argument_from_va_list@E_J@?$standard_base@DV?$stream_output_adapter@D@__crt_stdio_output@@@__crt_stdio_output@@IAE_NAA_J@Z 10021fa0 f i libucrtd:output.obj
 0001:00020fd0       ??$extract_argument_from_va_list@E_J@?$standard_base@DV?$string_output_adapter@D@__crt_stdio_output@@@__crt_stdio_output@@IAE_NAA_J@Z 10021fd0 f i libucrtd:output.obj
 0001:00021000       ??$extract_argument_from_va_list@E_J@?$standard_base@_WV?$stream_output_adapter@_W@__crt_stdio_output@@@__crt_stdio_output@@IAE_NAA_J@Z 10022000 f i libucrtd:output.obj
 0001:00021030       ??$extract_argument_from_va_list@E_J@?$standard_base@_WV?$string_output_adapter@_W@__crt_stdio_output@@@__crt_stdio_output@@IAE_NAA_J@Z 10022030 f i libucrtd:output.obj
 0001:00021060       ??$extract_argument_from_va_list@F_J@?$positional_parameter_base@DV?$stream_output_adapter@D@__crt_stdio_output@@@__crt_stdio_output@@IAE_NAA_J@Z 10022060 f i libucrtd:output.obj
 0001:00021190       ??$extract_argument_from_va_list@F_J@?$positional_parameter_base@DV?$string_output_adapter@D@__crt_stdio_output@@@__crt_stdio_output@@IAE_NAA_J@Z 10022190 f i libucrtd:output.obj
 0001:000212c0       ??$extract_argument_from_va_list@F_J@?$positional_parameter_base@_WV?$stream_output_adapter@_W@__crt_stdio_output@@@__crt_stdio_output@@IAE_NAA_J@Z 100222c0 f i libucrtd:output.obj
 0001:000213f0       ??$extract_argument_from_va_list@F_J@?$positional_parameter_base@_WV?$string_output_adapter@_W@__crt_stdio_output@@@__crt_stdio_output@@IAE_NAA_J@Z 100223f0 f i libucrtd:output.obj
 0001:00021520       ??$extract_argument_from_va_list@F_J@?$standard_base@DV?$stream_output_adapter@D@__crt_stdio_output@@@__crt_stdio_output@@IAE_NAA_J@Z 10022520 f i libucrtd:output.obj
 0001:00021550       ??$extract_argument_from_va_list@F_J@?$standard_base@DV?$string_output_adapter@D@__crt_stdio_output@@@__crt_stdio_output@@IAE_NAA_J@Z 10022550 f i libucrtd:output.obj
 0001:00021580       ??$extract_argument_from_va_list@F_J@?$standard_base@_WV?$stream_output_adapter@_W@__crt_stdio_output@@@__crt_stdio_output@@IAE_NAA_J@Z 10022580 f i libucrtd:output.obj
 0001:000215b0       ??$extract_argument_from_va_list@F_J@?$standard_base@_WV?$string_output_adapter@_W@__crt_stdio_output@@@__crt_stdio_output@@IAE_NAA_J@Z 100225b0 f i libucrtd:output.obj
 0001:000215e0       ??$extract_argument_from_va_list@GD@?$positional_parameter_base@DV?$stream_output_adapter@D@__crt_stdio_output@@@__crt_stdio_output@@IAE_NAAD@Z 100225e0 f i libucrtd:output.obj
 0001:00021710       ??$extract_argument_from_va_list@GD@?$positional_parameter_base@DV?$string_output_adapter@D@__crt_stdio_output@@@__crt_stdio_output@@IAE_NAAD@Z 10022710 f i libucrtd:output.obj
 0001:00021840       ??$extract_argument_from_va_list@GD@?$standard_base@DV?$stream_output_adapter@D@__crt_stdio_output@@@__crt_stdio_output@@IAE_NAAD@Z 10022840 f i libucrtd:output.obj
 0001:00021870       ??$extract_argument_from_va_list@GD@?$standard_base@DV?$string_output_adapter@D@__crt_stdio_output@@@__crt_stdio_output@@IAE_NAAD@Z 10022870 f i libucrtd:output.obj
 0001:000218a0       ??$extract_argument_from_va_list@G_J@?$positional_parameter_base@DV?$stream_output_adapter@D@__crt_stdio_output@@@__crt_stdio_output@@IAE_NAA_J@Z 100228a0 f i libucrtd:output.obj
 0001:000219e0       ??$extract_argument_from_va_list@G_J@?$positional_parameter_base@DV?$string_output_adapter@D@__crt_stdio_output@@@__crt_stdio_output@@IAE_NAA_J@Z 100229e0 f i libucrtd:output.obj
 0001:00021b20       ??$extract_argument_from_va_list@G_J@?$positional_parameter_base@_WV?$stream_output_adapter@_W@__crt_stdio_output@@@__crt_stdio_output@@IAE_NAA_J@Z 10022b20 f i libucrtd:output.obj
 0001:00021c60       ??$extract_argument_from_va_list@G_J@?$positional_parameter_base@_WV?$string_output_adapter@_W@__crt_stdio_output@@@__crt_stdio_output@@IAE_NAA_J@Z 10022c60 f i libucrtd:output.obj
 0001:00021da0       ??$extract_argument_from_va_list@G_J@?$standard_base@DV?$stream_output_adapter@D@__crt_stdio_output@@@__crt_stdio_output@@IAE_NAA_J@Z 10022da0 f i libucrtd:output.obj
 0001:00021dd0       ??$extract_argument_from_va_list@G_J@?$standard_base@DV?$string_output_adapter@D@__crt_stdio_output@@@__crt_stdio_output@@IAE_NAA_J@Z 10022dd0 f i libucrtd:output.obj
 0001:00021e00       ??$extract_argument_from_va_list@G_J@?$standard_base@_WV?$stream_output_adapter@_W@__crt_stdio_output@@@__crt_stdio_output@@IAE_NAA_J@Z 10022e00 f i libucrtd:output.obj
 0001:00021e30       ??$extract_argument_from_va_list@G_J@?$standard_base@_WV?$string_output_adapter@_W@__crt_stdio_output@@@__crt_stdio_output@@IAE_NAA_J@Z 10022e30 f i libucrtd:output.obj
 0001:00021e60       ??$extract_argument_from_va_list@H_J@?$positional_parameter_base@DV?$stream_output_adapter@D@__crt_stdio_output@@@__crt_stdio_output@@IAE_NAA_J@Z 10022e60 f i libucrtd:output.obj
 0001:00021fb0       ??$extract_argument_from_va_list@H_J@?$positional_parameter_base@DV?$string_output_adapter@D@__crt_stdio_output@@@__crt_stdio_output@@IAE_NAA_J@Z 10022fb0 f i libucrtd:output.obj
 0001:000220e0       ??$extract_argument_from_va_list@H_J@?$positional_parameter_base@_WV?$stream_output_adapter@_W@__crt_stdio_output@@@__crt_stdio_output@@IAE_NAA_J@Z 100230e0 f i libucrtd:output.obj
 0001:00022210       ??$extract_argument_from_va_list@H_J@?$positional_parameter_base@_WV?$string_output_adapter@_W@__crt_stdio_output@@@__crt_stdio_output@@IAE_NAA_J@Z 10023210 f i libucrtd:output.obj
 0001:00022340       ??$extract_argument_from_va_list@H_J@?$standard_base@DV?$stream_output_adapter@D@__crt_stdio_output@@@__crt_stdio_output@@IAE_NAA_J@Z 10023340 f i libucrtd:output.obj
 0001:00022370       ??$extract_argument_from_va_list@H_J@?$standard_base@DV?$string_output_adapter@D@__crt_stdio_output@@@__crt_stdio_output@@IAE_NAA_J@Z 10023370 f i libucrtd:output.obj
 0001:000223a0       ??$extract_argument_from_va_list@H_J@?$standard_base@_WV?$stream_output_adapter@_W@__crt_stdio_output@@@__crt_stdio_output@@IAE_NAA_J@Z 100233a0 f i libucrtd:output.obj
 0001:000223d0       ??$extract_argument_from_va_list@H_J@?$standard_base@_WV?$string_output_adapter@_W@__crt_stdio_output@@@__crt_stdio_output@@IAE_NAA_J@Z 100233d0 f i libucrtd:output.obj
 0001:00022400       ??$extract_argument_from_va_list@I_J@?$positional_parameter_base@DV?$stream_output_adapter@D@__crt_stdio_output@@@__crt_stdio_output@@IAE_NAA_J@Z 10023400 f i libucrtd:output.obj
 0001:00022530       ??$extract_argument_from_va_list@I_J@?$positional_parameter_base@DV?$string_output_adapter@D@__crt_stdio_output@@@__crt_stdio_output@@IAE_NAA_J@Z 10023530 f i libucrtd:output.obj
 0001:00022660       ??$extract_argument_from_va_list@I_J@?$positional_parameter_base@_WV?$stream_output_adapter@_W@__crt_stdio_output@@@__crt_stdio_output@@IAE_NAA_J@Z 10023660 f i libucrtd:output.obj
 0001:00022790       ??$extract_argument_from_va_list@I_J@?$positional_parameter_base@_WV?$string_output_adapter@_W@__crt_stdio_output@@@__crt_stdio_output@@IAE_NAA_J@Z 10023790 f i libucrtd:output.obj
 0001:000228c0       ??$extract_argument_from_va_list@I_J@?$standard_base@DV?$stream_output_adapter@D@__crt_stdio_output@@@__crt_stdio_output@@IAE_NAA_J@Z 100238c0 f i libucrtd:output.obj
 0001:000228f0       ??$extract_argument_from_va_list@I_J@?$standard_base@DV?$string_output_adapter@D@__crt_stdio_output@@@__crt_stdio_output@@IAE_NAA_J@Z 100238f0 f i libucrtd:output.obj
 0001:00022920       ??$extract_argument_from_va_list@I_J@?$standard_base@_WV?$stream_output_adapter@_W@__crt_stdio_output@@@__crt_stdio_output@@IAE_NAA_J@Z 10023920 f i libucrtd:output.obj
 0001:00022950       ??$extract_argument_from_va_list@I_J@?$standard_base@_WV?$string_output_adapter@_W@__crt_stdio_output@@@__crt_stdio_output@@IAE_NAA_J@Z 10023950 f i libucrtd:output.obj
 0001:00022980       ??$extract_argument_from_va_list@PADPAD@?$positional_parameter_base@DV?$stream_output_adapter@D@__crt_stdio_output@@@__crt_stdio_output@@IAE_NAAPAD@Z 10023980 f i libucrtd:output.obj
 0001:00022ab0       ??$extract_argument_from_va_list@PADPAD@?$positional_parameter_base@DV?$string_output_adapter@D@__crt_stdio_output@@@__crt_stdio_output@@IAE_NAAPAD@Z 10023ab0 f i libucrtd:output.obj
 0001:00022be0       ??$extract_argument_from_va_list@PADPAD@?$positional_parameter_base@_WV?$stream_output_adapter@_W@__crt_stdio_output@@@__crt_stdio_output@@IAE_NAAPAD@Z 10023be0 f i libucrtd:output.obj
 0001:00022d10       ??$extract_argument_from_va_list@PADPAD@?$positional_parameter_base@_WV?$string_output_adapter@_W@__crt_stdio_output@@@__crt_stdio_output@@IAE_NAAPAD@Z 10023d10 f i libucrtd:output.obj
 0001:00022e40       ??$extract_argument_from_va_list@PADPAD@?$standard_base@DV?$stream_output_adapter@D@__crt_stdio_output@@@__crt_stdio_output@@IAE_NAAPAD@Z 10023e40 f i libucrtd:output.obj
 0001:00022e70       ??$extract_argument_from_va_list@PADPAD@?$standard_base@DV?$string_output_adapter@D@__crt_stdio_output@@@__crt_stdio_output@@IAE_NAAPAD@Z 10023e70 f i libucrtd:output.obj
 0001:00022ea0       ??$extract_argument_from_va_list@PADPAD@?$standard_base@_WV?$stream_output_adapter@_W@__crt_stdio_output@@@__crt_stdio_output@@IAE_NAAPAD@Z 10023ea0 f i libucrtd:output.obj
 0001:00022ed0       ??$extract_argument_from_va_list@PADPAD@?$standard_base@_WV?$string_output_adapter@_W@__crt_stdio_output@@@__crt_stdio_output@@IAE_NAAPAD@Z 10023ed0 f i libucrtd:output.obj
[...]
 0002:0001fb3d       $N00018                    100a4b3d     modbus.exp
 0002:0001fb50       $N00019                    100a4b50     modbus.exp
 0002:0001fb71       $N00020                    100a4b71     modbus.exp
 0002:0001fb8c       $N00021                    100a4b8c     modbus.exp
 0002:0001fb9b       $N00022                    100a4b9b     modbus.exp
 0002:0001fbaa       $N00023                    100a4baa     modbus.exp
 0002:0001fbbc       $N00024                    100a4bbc     modbus.exp
 0002:0001fbcd       $N00025                    100a4bcd     modbus.exp
 0002:0001fbe4       $N00026                    100a4be4     modbus.exp
 0002:0001fc00       $N00027                    100a4c00     modbus.exp
 0002:0001fc16       $N00028                    100a4c16     modbus.exp
 0002:0001fc25       $N00029                    100a4c25     modbus.exp
 0002:0001fc41       $N00030                    100a4c41     modbus.exp
 0002:0001fc4e       $N00031                    100a4c4e     modbus.exp
 0002:0001fc65       $N00032                    100a4c65     modbus.exp
 0002:0001fc7c       $N00033                    100a4c7c     modbus.exp
 0002:0001fc8f       $N00034                    100a4c8f     modbus.exp
 0002:0001fca8       $N00035                    100a4ca8     modbus.exp
 0002:0001fcc3       $N00036                    100a4cc3     modbus.exp
 0002:0001fcdd       $N00037                    100a4cdd     modbus.exp
 0002:0001fcf0       $N00038                    100a4cf0     modbus.exp
 0002:0001fd09       $N00039                    100a4d09     modbus.exp
 0002:0001fd24       $N00040                    100a4d24     modbus.exp
 0002:0001fd3c       $N00041                    100a4d3c     modbus.exp
 0002:0001fd56       $N00042                    100a4d56     modbus.exp
 0002:0001fd71       $N00043                    100a4d71     modbus.exp
 0002:0001fd89       $N00044                    100a4d89     modbus.exp
 0002:0001fd9a       $N00045                    100a4d9a     modbus.exp
 0002:0001fdb4       $N00046                    100a4db4     modbus.exp
 0002:0001fdc5       $N00047                    100a4dc5     modbus.exp
 0002:0001fddb       $N00048                    100a4ddb     modbus.exp
 0002:0001fdf1       $N00049                    100a4df1     modbus.exp
 0002:0001fe07       $N00050                    100a4e07     modbus.exp
 0002:0001fe1d       $N00051                    100a4e1d     modbus.exp
 0002:0001fe3b       $N00052                    100a4e3b     modbus.exp
 0002:0001fe57       $N00053                    100a4e57     modbus.exp
 0002:0001fe68       $N00054                    100a4e68     modbus.exp
 0002:0001fe7a       $N00055                    100a4e7a     modbus.exp
 0002:0001fe8a       $N00056                    100a4e8a     modbus.exp
 0002:0001fe9c       $N00057                    100a4e9c     modbus.exp
 0002:0001feae       $N00058                    100a4eae     modbus.exp
 0002:0001fec3       $N00059                    100a4ec3     modbus.exp
 0002:0001fed8       $N00060                    100a4ed8     modbus.exp
 0002:0001fef8       $N00061                    100a4ef8     modbus.exp
 0002:0001ff09       $N00062                    100a4f09     modbus.exp
 0002:0001ff1b       $N00063                    100a4f1b     modbus.exp
 0002:0001ff31       $N00064                    100a4f31     modbus.exp
 0002:0002016e       .idata$6                   100a516e     ws2_32:WS2_32.dll
 0002:00020216       .idata$6                   100a5216     kernel32:KERNEL32.dll
 0003:00000000       $SG96355                   100a6000     modbus-data.obj
 0003:0000006c       $SG96356                   100a606c     modbus-data.obj
 0003:00000088       $SG99922                   100a6088     modbus-rtu.obj
 0003:000000f4       $SG99923                   100a60f4     modbus-rtu.obj
 0003:00000118       $SG100017                  100a6118     modbus-rtu.obj
 0003:00000130       $SG100043                  100a6130     modbus-rtu.obj
 0003:00000168       $SG100057                  100a6168     modbus-rtu.obj
 0003:00000190       $SG100061                  100a6190     modbus-rtu.obj
 0003:000001c4       $SG100086                  100a61c4     modbus-rtu.obj
 0003:000001ec       $SG100089                  100a61ec     modbus-rtu.obj
 0003:0000021c       $SG100092                  100a621c     modbus-rtu.obj
 0003:00000250       $SG100113                  100a6250     modbus-rtu.obj
 0003:00000284       $SG100126                  100a6284     modbus-rtu.obj
 0003:000002bc       $SG100136                  100a62bc     modbus-rtu.obj
 0003:000002ec       $SG100145                  100a62ec     modbus-rtu.obj
 0003:0000031c       $SG100154                  100a631c     modbus-rtu.obj
 0003:0000034c       $SG100164                  100a634c     modbus-rtu.obj
 0003:0000037c       $SG100179                  100a637c     modbus-rtu.obj
 0003:000003ac       $SG100188                  100a63ac     modbus-rtu.obj
 0003:000003dc       $SG100200                  100a63dc     modbus-rtu.obj
 0003:0000040c       $SG100209                  100a640c     modbus-rtu.obj
 0003:00000444       $SG100211                  100a6444     modbus-rtu.obj
 0003:00000478       $SG100269                  100a6478     modbus-rtu.obj
 0003:00000494       $SG100271                  100a6494     modbus-rtu.obj
 0003:000004bc       $SG99065                   100a64bc     modbus-tcp.obj
 0003:000004e4       $SG99155                   100a64e4     modbus-tcp.obj
 0003:00000518       $SG99158                   100a6518     modbus-tcp.obj
 0003:00000548       $SG99226                   100a6548     modbus-tcp.obj
 0003:00000560       $SG99250                   100a6560     modbus-tcp.obj
 0003:00000584       $SG99254                   100a6584     modbus-tcp.obj
 0003:0000059c       $SG99351                   100a659c     modbus-tcp.obj
 0003:000005a0       $SG99354                   100a65a0     modbus-tcp.obj
 0003:000005c4       $SG99358                   100a65c4     modbus-tcp.obj
 0003:000005cc       $SG99361                   100a65cc     modbus-tcp.obj
 0003:000005d8       $SG99364                   100a65d8     modbus-tcp.obj
 0003:000005e0       $SG99367                   100a65e0     modbus-tcp.obj
 0003:000005e8       $SG99381                   100a65e8     modbus-tcp.obj
 0003:00000614       $SG99394                   100a6614     modbus-tcp.obj
 0003:00000638       $SG99427                   100a6638     modbus-tcp.obj
 0003:0000065c       $SG99465                   100a665c     modbus-tcp.obj
 0003:00000674       $SG99467                   100a6674     modbus-tcp.obj
 0003:00000698       $SG99499                   100a6698     modbus-tcp.obj
 0003:000006b4       $SG99501                   100a66b4     modbus-tcp.obj
 0003:000006d8       $SG99505                   100a66d8     modbus-tcp.obj
 0003:000006f8       $SG99507                   100a66f8     modbus-tcp.obj
 0003:00000720       $SG99885                   100a6720     modbus.obj
 0003:00000734       $SG99887                   100a6734     modbus.obj
 0003:0000074c       $SG99889                   100a674c     modbus.obj
 0003:00000760       $SG99891                   100a6760     modbus.obj
 0003:00000780       $SG99893                   100a6780     modbus.obj
 0003:0000078c       $SG99895                   100a678c     modbus.obj
 0003:000007ac       $SG99897                   100a67ac     modbus.obj
 0003:000007c4       $SG99899                   100a67c4     modbus.obj
 0003:000007d8       $SG99901                   100a67d8     modbus.obj
 0003:000007f4       $SG99903                   100a67f4     modbus.obj
 0003:00000814       $SG99905                   100a6814     modbus.obj
 0003:00000820       $SG99907                   100a6820     modbus.obj
 0003:00000830       $SG99909                   100a6830     modbus.obj
 0003:00000848       $SG99911                   100a6848     modbus.obj
 0003:00000858       $SG99913                   100a6858     modbus.obj
 0003:0000087c       $SG99922                   100a687c     modbus.obj
 0003:00000888       $SG99925                   100a6888     modbus.obj
 0003:00000890       $SG99926                   100a6890     modbus.obj
 0003:00000894       $SG99938                   100a6894     modbus.obj
 0003:000008a8       $SG99975                   100a68a8     modbus.obj
 0003:000008b0       $SG99976                   100a68b0     modbus.obj
 0003:000008b4       $SG100085                  100a68b4     modbus.obj
 0003:000008d4       $SG100086                  100a68d4     modbus.obj
 0003:000008f4       $SG100095                  100a68f4     modbus.obj
 0003:000008fc       $SG100102                  100a68fc     modbus.obj
 0003:00000904       $SG100106                  100a6904     modbus.obj
 0003:0000090c       $SG100112                  100a690c     modbus.obj
 0003:0000091c       $SG100117                  100a691c     modbus.obj
 0003:00000920       $SG100167                  100a6920     modbus.obj
 0003:00000964       $SG100177                  100a6964     modbus.obj
 0003:0000099c       $SG100301                  100a699c     modbus.obj
 0003:000009ac       $SG100302                  100a69ac     modbus.obj
 0003:000009b8       $SG100180                  100a69b8     modbus.obj
 0003:000009fc       $SG100306                  100a69fc     modbus.obj
 0003:00000a24       $SG100310                  100a6a24     modbus.obj
 0003:00000a48       $SG100312                  100a6a48     modbus.obj
 0003:00000a60       $SG100313                  100a6a60     modbus.obj
 0003:00000a70       $SG100317                  100a6a70     modbus.obj
 0003:00000a98       $SG100321                  100a6a98     modbus.obj
 0003:00000abc       $SG100326                  100a6abc     modbus.obj
 0003:00000ae8       $SG100330                  100a6ae8     modbus.obj
 0003:00000b28       $SG100335                  100a6b28     modbus.obj
 0003:00000b58       $SG100340                  100a6b58     modbus.obj
 0003:00000b8c       $SG100344                  100a6b8c     modbus.obj
 0003:00000bb8       $SG100349                  100a6bb8     modbus.obj
 0003:00000bf4       $SG100353                  100a6bf4     modbus.obj
 0003:00000c24       $SG100355                  100a6c24     modbus.obj
 0003:00000c30       $SG100358                  100a6c30     modbus.obj
 0003:00000c48       $SG100363                  100a6c48     modbus.obj
 0003:00000c78       $SG100368                  100a6c78     modbus.obj
 0003:00000cc4       $SG100438                  100a6cc4     modbus.obj
 0003:00000cf0       $SG100372                  100a6cf0     modbus.obj
 0003:00000d44       $SG100374                  100a6d44     modbus.obj
 0003:00000d6c       $SG100455                  100a6d6c     modbus.obj
 0003:00000da0       $SG100481                  100a6da0     modbus.obj
 0003:00000dd0       $SG100499                  100a6dd0     modbus.obj
 0003:00000e00       $SG100513                  100a6e00     modbus.obj
 0003:00000e34       $SG100579                  100a6e34     modbus.obj
 0003:00000e5c       $SG100606                  100a6e5c     modbus.obj
 0003:00000e94       $SG100656                  100a6e94     modbus.obj
 0003:00000ec4       $SG100659                  100a6ec4     modbus.obj
 0003:00000f20       ?__vcrt_flsindex@@3KA      100a6f20     libvcruntimed:per_thread_data.obj
 0003:00000f24       ?prefix@?1??getDimension@UnDecorator@@CA?AVDName@@_N@Z@4UStringLiteral@@A 100a6f24     libvcruntimed:undname.obj
 0003:00000fe8       ?errno_no_memory@@3HA      100a6fe8     libucrtd:errno.obj
 0003:00000fec       ?doserrno_no_memory@@3KA   100a6fec     libucrtd:errno.obj
 0003:00001000       ?__acrt_current_request_number@@3JA 100a7000     libucrtd:debug_heap.obj
 0003:00001048       ?__acrt_debug_fill_threshold@@3IA 100a7048     libucrtd:debug_fill_threshold.obj
 0003:0000104c       ?__acrt_flsindex@@3KA      100a704c     libucrtd:per_thread_data.obj
 0003:00001050       __ctype_loc_style          100a7050     libucrtd:wsetlocale.obj
 0003:00001360       __mbctypes                 100a7360     libucrtd:mbctype.obj
 0003:00001468       __mbcasemaps               100a7468     libucrtd:mbctype.obj
 0003:00001568       ?__rgctypeflag@@3PADA      100a7568     libucrtd:mbctype.obj
 0003:00001570       ?__rgcode_page_info@@3PAUcode_page_info@@A 100a7570     libucrtd:mbctype.obj
 0003:000017d0       ?__dcrt_lowio_console_output_handle@@3PAXA 100a77d0     libucrtd:initcon.obj
 0003:000017e0       ?__DAZ_ENABLED@?1??__set_fpsr_sse2@@9@9 100a77e0     libucrtd:fpctrl.obj
 0003:00001900       ?init@?1??_RTC_InitBase@@9@4_NA 100a7900     LIBCMTD:init.obj
 0003:00001910       _GS_ExceptionRecord        100a7910     LIBCMTD:gs_report.obj
 0003:00001960       _GS_ContextRecord          100a7960     LIBCMTD:gs_report.obj
 0003:00001c2c       ?__proc_attached@@3HA      100a7c2c     LIBCMTD:dll_dllmain.obj
 0003:00001c30       ?_RTC_ErrorReportFunc@@3P6AHHPBDH00ZZA 100a7c30     LIBCMTD:userapi.obj
 0003:00001c34       ?_RTC_ErrorReportFuncW@@3P6AHHPB_WH00ZZA 100a7c34     LIBCMTD:userapi.obj
 0003:00001c38       ?mspdb@@3PAUHINSTANCE__@@A 100a7c38     LIBCMTD:pdblkup.obj
 0003:00001c3c       ?alreadyTried@?1??GetPdbDll@@YAPAUHINSTANCE__@@XZ@4_NA 100a7c3c     LIBCMTD:pdblkup.obj
 0003:00001c3d       ?PDBOK@?1??_RTC_GetSrcLine@@YAHPAEPA_WKPAH1K@Z@4_NA 100a7c3d     LIBCMTD:pdblkup.obj
 0003:00001c58       ?is_initialized_as_dll@@3_NA 100a7c58     LIBCMTD:utility.obj
 0003:00001c59       ?module_local_atexit_table_initialized@@3_NA 100a7c59     LIBCMTD:utility.obj
 0003:00001c5c       ?module_local_atexit_table@@3U_onexit_table_t@@A 100a7c5c     LIBCMTD:utility.obj
 0003:00001c68       ?module_local_at_quick_exit_table@@3U_onexit_table_t@@A 100a7c68     LIBCMTD:utility.obj
 0003:00001c84       ?__vcrt_startup_thread_ptd@@3U__vcrt_ptd@@A 100a7c84     libvcruntimed:per_thread_data.obj
 0003:00001cd4       ?heap@@3V_HeapManager@@A   100a7cd4     libvcruntimed:undname.obj
 0003:00001ce8       ?buf@?1??dbGetString@DName@@QBEPADXZ@4PADA 100a7ce8     libvcruntimed:undname.obj
 0003:00001d38       ___vcrt_lock_table         100a7d38     libvcruntimed:locks.obj
 0003:00001d50       ___vcrt_locks_initialized  100a7d50     libvcruntimed:locks.obj
 0003:00001d54       ?module_handles@@3PAPAUHINSTANCE__@@A 100a7d54     libvcruntimed:winapi_downlevel.obj
 0003:00001d60       ?function_pointers@@3PAPAXA 100a7d60     libvcruntimed:winapi_downlevel.obj
 0003:00001d84       ?c_termination_complete@@3JA 100a7d84     libucrtd:exit.obj
 0003:00001d88       ?thread_local_exit_callback_func@@3P6GXPAXK0@ZA 100a7d88     libucrtd:exit.obj
 0003:00001d90       ?program_name@?1???$common_configure_argv@D@@YAHW4_crt_argv_mode@@@Z@4PADA 100a7d90     libucrtd:argv_parsing.obj
 0003:00001e98       ?program_name@?1???$common_configure_argv@_W@@YAHW4_crt_argv_mode@@@Z@4PA_WA 100a7e98     libucrtd:argv_parsing.obj
 0003:000020cc       ?__acrt_first_block@@3PAU_CrtMemBlockHeader@@A 100a80cc     libucrtd:debug_heap.obj
 0003:000020d0       ?__acrt_last_block@@3PAU_CrtMemBlockHeader@@A 100a80d0     libucrtd:debug_heap.obj
 0003:000020d4       ?__acrt_total_allocations@@3IA 100a80d4     libucrtd:debug_heap.obj
 0003:000020d8       ?__acrt_current_allocations@@3IA 100a80d8     libucrtd:debug_heap.obj
 0003:000020dc       ?__acrt_max_allocations@@3IA 100a80dc     libucrtd:debug_heap.obj
 0003:000020e0       ?__acrt_check_frequency@@3IA 100a80e0     libucrtd:debug_heap.obj
 0003:000020e4       ?__acrt_check_counter@@3IA 100a80e4     libucrtd:debug_heap.obj
 0003:000020ec       ?heap_validation_pending@@3_NA 100a80ec     libucrtd:debug_heap.obj
 0003:000020f0       ?__acrt_invalid_parameter_handler@@3V?$dual_state_global@P6AXPB_W00II@Z@__crt_state_management@@A 100a80f0     libucrtd:invalid_parameter.obj
 0003:000020f4       ?__acrt_app_type@@3W4_crt_app_type@@A 100a80f4     libucrtd:report_runtime_error.obj
 0003:000020f8       ?outmsg@?9??__acrt_report_runtime_error@@9@4PA_WA 100a80f8     libucrtd:report_runtime_error.obj
 0003:00002720       ___acrt_error_mode         100a8720     libucrtd:set_error_mode.obj
 0003:00002724       ?console_ctrl_handler_installed@@3_NA 100a8724     libucrtd:signal.obj
 0003:00002728       ?ctrlc_action@@3V?$dual_state_global@P6AXH@Z@__crt_state_management@@A 100a8728     libucrtd:signal.obj
 0003:0000272c       ?ctrlbreak_action@@3V?$dual_state_global@P6AXH@Z@__crt_state_management@@A 100a872c     libucrtd:signal.obj
 0003:00002730       ?abort_action@@3V?$dual_state_global@P6AXH@Z@__crt_state_management@@A 100a8730     libucrtd:signal.obj
 0003:00002734       ?term_action@@3V?$dual_state_global@P6AXH@Z@__crt_state_management@@A 100a8734     libucrtd:signal.obj
 0003:00002738       ?module_handles@@3PAPAUHINSTANCE__@@A 100a8738     libucrtd:winapi_thunks.obj
 0003:00002788       ?encoded_function_pointers@@3PAPAXA 100a8788     libucrtd:winapi_thunks.obj
 0003:00002810       ?static_enum_proc@?1??enum_system_locales_ex_nolock@@YAHQ6GHPA_WKJ@Z@Z@4P6GH0KJ@ZA 100a8810     libucrtd:winapi_thunks.obj
 0003:00002a1c       ?internal_state@?1??_mbtowc_l@@9@4U_Mbstatet@@A 100a8a1c     libucrtd:mbtowc.obj
 0003:00002a24       ?enable_percent_n@@3IA     100a8a24     libucrtd:printf_count_output.obj
 0003:00002a48       ?__acrt_lock_table@@3PAU_RTL_CRITICAL_SECTION@@A 100a8a48     libucrtd:locks.obj
 0003:00002b98       ?__acrt_locks_initialized@@3IA 100a8b98     libucrtd:locks.obj
 0003:00002b9c       ?state_cache@?1???$get_cached_win_policy@Ubegin_thread_init_policy_properties@?1??__acrt_get_begin_thread_init_policy@@YA?AW4begin_thread_init_policy@@XZ@@@YA?AW4begin_thread_init_policy@@W4AppPolicyThreadInitializationType@@@Z@4JA 100a8b9c     libucrtd:win_policies.obj
 0003:00002ba0       ?state_cache@?1???$get_cached_win_policy@Udeveloper_information_policy_properties@?1??__acrt_get_developer_information_policy@@YA?AW4developer_information_policy@@XZ@@@YA?AW4developer_information_policy@@W4AppPolicyShowDeveloperDiagnostic@@@Z@4JA 100a8ba0     libucrtd:win_policies.obj
 0003:00002ba4       ?state_cache@?1???$get_cached_win_policy@Uwindowing_model_policy_properties@?1??__acrt_get_windowing_model_policy@@YA?AW4windowing_model_policy@@XZ@@@YA?AW4windowing_model_policy@@W4AppPolicyWindowingModel@@@Z@4JA 100a8ba4     libucrtd:win_policies.obj
 0003:00002bb4       ?fSystemSet@@3HA           100a8bb4     libucrtd:mbctype.obj
 0003:00002bb8       ?initialized@?1??__acrt_initialize_multibyte@@9@4_NA 100a8bb8     libucrtd:mbctype.obj
 0003:00002bdc       ?__acrt_new_handler@@3V?$dual_state_global@P6AHI@Z@__crt_state_management@@A 100a8bdc     libucrtd:new_handler.obj
 0003:00002be0       ?user_matherr@@3V?$dual_state_global@P6AHPAU_exception@@@Z@__crt_state_management@@A 100a8be0     libucrtd:matherr.obj
 0003:00002be4       ?__acrt_global_new_mode@@3V?$dual_state_global@J@__crt_state_management@@A 100a8be4     libucrtd:new_mode.obj
 0003:00002be8       ?mbst@?1??mbrlen@@9@4U_Mbstatet@@A 100a8be8     libucrtd:mbrtowc.obj
 0003:00002bf0       ?mbst@?1??mbrtowc@@9@4U_Mbstatet@@A 100a8bf0     libucrtd:mbrtowc.obj
 0003:00002bf8       ?mbst@?1??_mbsrtowcs_helper@@YAIPA_WPAPBDIPAU_Mbstatet@@@Z@4U2@A 100a8bf8     libucrtd:mbrtowc.obj
 0003:00002c08       ?internal_pst@?1??__mbrtoc32_utf8@__crt_mbstring@@YAIPA_UPBDIPAU_Mbstatet@@@Z@4U3@A 100a8c08     libucrtd:mbrtoc32.obj
 0003:00002c10       ?local_state@?6??_wcrtomb_s_l@@YAHQAHQADI_WQAU_Mbstatet@@QAU__crt_locale_pointers@@@Z@4U2@A 100a8c10     libucrtd:wcrtomb.obj
 0003:00002c18       __pmatherr_set             100a8c18     libucrtd:libm_error.obj
 0003:00002c1c       ?internal_pst@?1??__c16rtomb_utf8@__crt_mbstring@@YAIPAD_SPAU_Mbstatet@@@Z@4U3@A 100a8c1c     libucrtd:c16rtomb.obj
 0004:000000a0       $R000000                   100aa0a0     modbus.res
 0004:00000310       $R000270                   100aa310     modbus.res
